Archive member included to satisfy reference by file (symbol)

C:/ST/STM32CubeIDE_1.13.1/STM32CubeIDE/plugins/com.st.stm32cube.ide.mcu.externaltools.gnu-tools-for-stm32.11.3.rel1.win32_1.1.0.202305231506/tools/bin/../lib/gcc/arm-none-eabi/11.3.1/../../../../arm-none-eabi/lib/thumb/v7-m/nofp\libc_nano.a(libc_a-exit.o)
                              C:/ST/STM32CubeIDE_1.13.1/STM32CubeIDE/plugins/com.st.stm32cube.ide.mcu.externaltools.gnu-tools-for-stm32.11.3.rel1.win32_1.1.0.202305231506/tools/bin/../lib/gcc/arm-none-eabi/11.3.1/../../../../arm-none-eabi/lib/thumb/v7-m/nofp/crt0.o (exit)
C:/ST/STM32CubeIDE_1.13.1/STM32CubeIDE/plugins/com.st.stm32cube.ide.mcu.externaltools.gnu-tools-for-stm32.11.3.rel1.win32_1.1.0.202305231506/tools/bin/../lib/gcc/arm-none-eabi/11.3.1/../../../../arm-none-eabi/lib/thumb/v7-m/nofp\libc_nano.a(libc_a-findfp.o)
                              C:/ST/STM32CubeIDE_1.13.1/STM32CubeIDE/plugins/com.st.stm32cube.ide.mcu.externaltools.gnu-tools-for-stm32.11.3.rel1.win32_1.1.0.202305231506/tools/bin/../lib/gcc/arm-none-eabi/11.3.1/../../../../arm-none-eabi/lib/thumb/v7-m/nofp\libc_nano.a(libc_a-exit.o) (__stdio_exit_handler)
C:/ST/STM32CubeIDE_1.13.1/STM32CubeIDE/plugins/com.st.stm32cube.ide.mcu.externaltools.gnu-tools-for-stm32.11.3.rel1.win32_1.1.0.202305231506/tools/bin/../lib/gcc/arm-none-eabi/11.3.1/../../../../arm-none-eabi/lib/thumb/v7-m/nofp\libc_nano.a(libc_a-fwalk.o)
                              C:/ST/STM32CubeIDE_1.13.1/STM32CubeIDE/plugins/com.st.stm32cube.ide.mcu.externaltools.gnu-tools-for-stm32.11.3.rel1.win32_1.1.0.202305231506/tools/bin/../lib/gcc/arm-none-eabi/11.3.1/../../../../arm-none-eabi/lib/thumb/v7-m/nofp\libc_nano.a(libc_a-findfp.o) (_fwalk_sglue)
C:/ST/STM32CubeIDE_1.13.1/STM32CubeIDE/plugins/com.st.stm32cube.ide.mcu.externaltools.gnu-tools-for-stm32.11.3.rel1.win32_1.1.0.202305231506/tools/bin/../lib/gcc/arm-none-eabi/11.3.1/../../../../arm-none-eabi/lib/thumb/v7-m/nofp\libc_nano.a(libc_a-stdio.o)
                              C:/ST/STM32CubeIDE_1.13.1/STM32CubeIDE/plugins/com.st.stm32cube.ide.mcu.externaltools.gnu-tools-for-stm32.11.3.rel1.win32_1.1.0.202305231506/tools/bin/../lib/gcc/arm-none-eabi/11.3.1/../../../../arm-none-eabi/lib/thumb/v7-m/nofp\libc_nano.a(libc_a-findfp.o) (__sread)
C:/ST/STM32CubeIDE_1.13.1/STM32CubeIDE/plugins/com.st.stm32cube.ide.mcu.externaltools.gnu-tools-for-stm32.11.3.rel1.win32_1.1.0.202305231506/tools/bin/../lib/gcc/arm-none-eabi/11.3.1/../../../../arm-none-eabi/lib/thumb/v7-m/nofp\libc_nano.a(libc_a-memset.o)
                              C:/ST/STM32CubeIDE_1.13.1/STM32CubeIDE/plugins/com.st.stm32cube.ide.mcu.externaltools.gnu-tools-for-stm32.11.3.rel1.win32_1.1.0.202305231506/tools/bin/../lib/gcc/arm-none-eabi/11.3.1/../../../../arm-none-eabi/lib/thumb/v7-m/nofp/crt0.o (memset)
C:/ST/STM32CubeIDE_1.13.1/STM32CubeIDE/plugins/com.st.stm32cube.ide.mcu.externaltools.gnu-tools-for-stm32.11.3.rel1.win32_1.1.0.202305231506/tools/bin/../lib/gcc/arm-none-eabi/11.3.1/../../../../arm-none-eabi/lib/thumb/v7-m/nofp\libc_nano.a(libc_a-closer.o)
                              C:/ST/STM32CubeIDE_1.13.1/STM32CubeIDE/plugins/com.st.stm32cube.ide.mcu.externaltools.gnu-tools-for-stm32.11.3.rel1.win32_1.1.0.202305231506/tools/bin/../lib/gcc/arm-none-eabi/11.3.1/../../../../arm-none-eabi/lib/thumb/v7-m/nofp\libc_nano.a(libc_a-stdio.o) (_close_r)
C:/ST/STM32CubeIDE_1.13.1/STM32CubeIDE/plugins/com.st.stm32cube.ide.mcu.externaltools.gnu-tools-for-stm32.11.3.rel1.win32_1.1.0.202305231506/tools/bin/../lib/gcc/arm-none-eabi/11.3.1/../../../../arm-none-eabi/lib/thumb/v7-m/nofp\libc_nano.a(libc_a-reent.o)
                              C:/ST/STM32CubeIDE_1.13.1/STM32CubeIDE/plugins/com.st.stm32cube.ide.mcu.externaltools.gnu-tools-for-stm32.11.3.rel1.win32_1.1.0.202305231506/tools/bin/../lib/gcc/arm-none-eabi/11.3.1/../../../../arm-none-eabi/lib/thumb/v7-m/nofp\libc_nano.a(libc_a-closer.o) (errno)
C:/ST/STM32CubeIDE_1.13.1/STM32CubeIDE/plugins/com.st.stm32cube.ide.mcu.externaltools.gnu-tools-for-stm32.11.3.rel1.win32_1.1.0.202305231506/tools/bin/../lib/gcc/arm-none-eabi/11.3.1/../../../../arm-none-eabi/lib/thumb/v7-m/nofp\libc_nano.a(libc_a-impure.o)
                              C:/ST/STM32CubeIDE_1.13.1/STM32CubeIDE/plugins/com.st.stm32cube.ide.mcu.externaltools.gnu-tools-for-stm32.11.3.rel1.win32_1.1.0.202305231506/tools/bin/../lib/gcc/arm-none-eabi/11.3.1/../../../../arm-none-eabi/lib/thumb/v7-m/nofp\libc_nano.a(libc_a-reent.o) (_impure_ptr)
C:/ST/STM32CubeIDE_1.13.1/STM32CubeIDE/plugins/com.st.stm32cube.ide.mcu.externaltools.gnu-tools-for-stm32.11.3.rel1.win32_1.1.0.202305231506/tools/bin/../lib/gcc/arm-none-eabi/11.3.1/../../../../arm-none-eabi/lib/thumb/v7-m/nofp\libc_nano.a(libc_a-lseekr.o)
[...]
Memory Configuration

Name             Origin             Length             Attributes
RAM              0x0000000020000000 0x0000000000005000 xrw
FLASH            0x0000000008000000 0x0000000000010000 xr
*default*        0x0000000000000000 0xffffffffffffffff

Linker script and memory map

LOAD C:/ST/STM32CubeIDE_1.13.1/STM32CubeIDE/plugins/com.st.stm32cube.ide.mcu.externaltools.gnu-tools-for-stm32.11.3.rel1.win32_1.1.0.202305231506/tools/bin/../lib/gcc/arm-none-eabi/11.3.1/thumb/v7-m/nofp/crti.o
LOAD C:/ST/STM32CubeIDE_1.13.1/STM32CubeIDE/plugins/com.st.stm32cube.ide.mcu.externaltools.gnu-tools-for-stm32.11.3.rel1.win32_1.1.0.202305231506/tools/bin/../lib/gcc/arm-none-eabi/11.3.1/thumb/v7-m/nofp/crtbegin.o
LOAD C:/ST/STM32CubeIDE_1.13.1/STM32CubeIDE/plugins/com.st.stm32cube.ide.mcu.externaltools.gnu-tools-for-stm32.11.3.rel1.win32_1.1.0.202305231506/tools/bin/../lib/gcc/arm-none-eabi/11.3.1/../../../../arm-none-eabi/lib/thumb/v7-m/nofp/crt0.o
LOAD ./Core/Src/HIDKeyFunctions.o
LOAD ./Core/Src/main.o
LOAD ./Core/Src/stm32f1xx_hal_msp.o
LOAD ./Core/Src/stm32f1xx_it.o
LOAD ./Core/Src/syscalls.o
LOAD ./Core/Src/sysmem.o
LOAD ./Core/Src/system_stm32f1xx.o
LOAD ./Core/Startup/startup_stm32f103c8tx.o
LOAD ./Drivers/STM32F1xx_HAL_Driver/Src/stm32f1xx_hal.o
LOAD ./Drivers/STM32F1xx_HAL_Driver/Src/stm32f1xx_hal_cortex.o
LOAD ./Drivers/STM32F1xx_HAL_Driver/Src/stm32f1xx_hal_dma.o
LOAD ./Drivers/STM32F1xx_HAL_Driver/Src/stm32f1xx_hal_exti.o
LOAD ./Drivers/STM32F1xx_HAL_Driver/Src/stm32f1xx_hal_flash.o
LOAD ./Drivers/STM32F1xx_HAL_Driver/Src/stm32f1xx_hal_flash_ex.o
LOAD ./Drivers/STM32F1xx_HAL_Driver/Src/stm32f1xx_hal_gpio.o
LOAD ./Drivers/STM32F1xx_HAL_Driver/Src/stm32f1xx_hal_gpio_ex.o
LOAD ./Drivers/STM32F1xx_HAL_Driver/Src/stm32f1xx_hal_pcd.o
LOAD ./Drivers/STM32F1xx_HAL_Driver/Src/stm32f1xx_hal_pcd_ex.o
LOAD ./Drivers/STM32F1xx_HAL_Driver/Src/stm32f1xx_hal_pwr.o
LOAD ./Drivers/STM32F1xx_HAL_Driver/Src/stm32f1xx_hal_rcc.o
LOAD ./Drivers/STM32F1xx_HAL_Driver/Src/stm32f1xx_hal_rcc_ex.o
LOAD ./Drivers/STM32F1xx_HAL_Driver/Src/stm32f1xx_hal_tim.o
LOAD ./Drivers/STM32F1xx_HAL_Driver/Src/stm32f1xx_hal_tim_ex.o
LOAD ./Drivers/STM32F1xx_HAL_Driver/Src/stm32f1xx_hal_uart.o
LOAD ./Drivers/STM32F1xx_HAL_Driver/Src/stm32f1xx_ll_usb.o
LOAD ./Middlewares/ST/STM32_USB_Device_Library/Class/HID/Src/usbd_hid.o
LOAD ./Middlewares/ST/STM32_USB_Device_Library/Core/Src/usbd_core.o
LOAD ./Middlewares/ST/STM32_USB_Device_Library/Core/Src/usbd_ctlreq.o
LOAD ./Middlewares/ST/STM32_USB_Device_Library/Core/Src/usbd_ioreq.o
LOAD ./USB_DEVICE/App/usb_device.o
LOAD ./USB_DEVICE/App/usbd_desc.o
LOAD ./USB_DEVICE/Target/usbd_conf.o
START GROUP
LOAD C:/ST/STM32CubeIDE_1.13.1/STM32CubeIDE/plugins/com.st.stm32cube.ide.mcu.externaltools.gnu-tools-for-stm32.11.3.rel1.win32_1.1.0.202305231506/tools/bin/../lib/gcc/arm-none-eabi/11.3.1/../../../../arm-none-eabi/lib/thumb/v7-m/nofp\libc_nano.a
LOAD C:/ST/STM32CubeIDE_1.13.1/STM32CubeIDE/plugins/com.st.stm32cube.ide.mcu.externaltools.gnu-tools-for-stm32.11.3.rel1.win32_1.1.0.202305231506/tools/bin/../lib/gcc/arm-none-eabi/11.3.1/../../../../arm-none-eabi/lib/thumb/v7-m/nofp\libm.a
END GROUP
START GROUP
LOAD C:/ST/STM32CubeIDE_1.13.1/STM32CubeIDE/plugins/com.st.stm32cube.ide.mcu.externaltools.gnu-tools-for-stm32.11.3.rel1.win32_1.1.0.202305231506/tools/bin/../lib/gcc/arm-none-eabi/11.3.1/thumb/v7-m/nofp\libgcc.a
LOAD C:/ST/STM32CubeIDE_1.13.1/STM32CubeIDE/plugins/com.st.stm32cube.ide.mcu.externaltools.gnu-tools-for-stm32.11.3.rel1.win32_1.1.0.202305231506/tools/bin/../lib/gcc/arm-none-eabi/11.3.1/../../../../arm-none-eabi/lib/thumb/v7-m/nofp\libc_nano.a
END GROUP
START GROUP
LOAD C:/ST/STM32CubeIDE_1.13.1/STM32CubeIDE/plugins/com.st.stm32cube.ide.mcu.externaltools.gnu-tools-for-stm32.11.3.rel1.win32_1.1.0.202305231506/tools/bin/../lib/gcc/arm-none-eabi/11.3.1/thumb/v7-m/nofp\libgcc.a
LOAD C:/ST/STM32CubeIDE_1.13.1/STM32CubeIDE/plugins/com.st.stm32cube.ide.mcu.externaltools.gnu-tools-for-stm32.11.3.rel1.win32_1.1.0.202305231506/tools/bin/../lib/gcc/arm-none-eabi/11.3.1/../../../../arm-none-eabi/lib/thumb/v7-m/nofp\libc_nano.a
LOAD C:/ST/STM32CubeIDE_1.13.1/STM32CubeIDE/plugins/com.st.stm32cube.ide.mcu.externaltools.gnu-tools-for-stm32.11.3.rel1.win32_1.1.0.202305231506/tools/bin/../lib/gcc/arm-none-eabi/11.3.1/../../../../arm-none-eabi/lib/thumb/v7-m/nofp\libnosys.a
END GROUP
START GROUP
LOAD C:/ST/STM32CubeIDE_1.13.1/STM32CubeIDE/plugins/com.st.stm32cube.ide.mcu.externaltools.gnu-tools-for-stm32.11.3.rel1.win32_1.1.0.202305231506/tools/bin/../lib/gcc/arm-none-eabi/11.3.1/thumb/v7-m/nofp\libgcc.a
LOAD C:/ST/STM32CubeIDE_1.13.1/STM32CubeIDE/plugins/com.st.stm32cube.ide.mcu.externaltools.gnu-tools-for-stm32.11.3.rel1.win32_1.1.0.202305231506/tools/bin/../lib/gcc/arm-none-eabi/11.3.1/../../../../arm-none-eabi/lib/thumb/v7-m/nofp\libc_nano.a
LOAD C:/ST/STM32CubeIDE_1.13.1/STM32CubeIDE/plugins/com.st.stm32cube.ide.mcu.externaltools.gnu-tools-for-stm32.11.3.rel1.win32_1.1.0.202305231506/tools/bin/../lib/gcc/arm-none-eabi/11.3.1/../../../../arm-none-eabi/lib/thumb/v7-m/nofp\libnosys.a
END GROUP
LOAD C:/ST/STM32CubeIDE_1.13.1/STM32CubeIDE/plugins/com.st.stm32cube.ide.mcu.externaltools.gnu-tools-for-stm32.11.3.rel1.win32_1.1.0.202305231506/tools/bin/../lib/gcc/arm-none-eabi/11.3.1/thumb/v7-m/nofp/crtend.o
LOAD C:/ST/STM32CubeIDE_1.13.1/STM32CubeIDE/plugins/com.st.stm32cube.ide.mcu.externaltools.gnu-tools-for-stm32.11.3.rel1.win32_1.1.0.202305231506/tools/bin/../lib/gcc/arm-none-eabi/11.3.1/thumb/v7-m/nofp/crtn.o
                0x0000000020005000                _estack = (ORIGIN (RAM) + LENGTH (RAM))
                0x0000000000000200                _Min_Heap_Size = 0x200
                0x0000000000000400                _Min_Stack_Size = 0x400

.isr_vector     0x0000000008000000      0x10c
                0x0000000008000000                . = ALIGN (0x4)
 *(.isr_vector)
 .isr_vector    0x0000000008000000      0x10c ./Core/Startup/startup_stm32f103c8tx.o
                0x0000000008000000                g_pfnVectors
                0x000000000800010c                . = ALIGN (0x4)

.text           0x000000000800010c     0x78fc
                0x000000000800010c                . = ALIGN (0x4)
 *(.text)
 .text          0x000000000800010c       0x40 C:/ST/STM32CubeIDE_1.13.1/STM32CubeIDE/plugins/com.st.stm32cube.ide.mcu.externaltools.gnu-tools-for-stm32.11.3.rel1.win32_1.1.0.202305231506/tools/bin/../lib/gcc/arm-none-eabi/11.3.1/thumb/v7-m/nofp/crtbegin.o
 *(.text*)
 .text.pressKey
                0x000000000800014c       0x76 ./Core/Src/HIDKeyFunctions.o
                0x000000000800014c                pressKey
 *fill*         0x00000000080001c2        0x2 
 .text.readRow1
                0x00000000080001c4       0xd4 ./Core/Src/HIDKeyFunctions.o
                0x00000000080001c4                readRow1
 .text.readRow2
                0x0000000008000298       0xb8 ./Core/Src/HIDKeyFunctions.o
                0x0000000008000298                readRow2
 .text.readRow3
                0x0000000008000350       0xb8 ./Core/Src/HIDKeyFunctions.o
                0x0000000008000350                readRow3
 .text.readRow4
                0x0000000008000408       0xb8 ./Core/Src/HIDKeyFunctions.o
                0x0000000008000408                readRow4
 .text.readRow5
                0x00000000080004c0       0xb8 ./Core/Src/HIDKeyFunctions.o
                0x00000000080004c0                readRow5
 .text.readAllPins
                0x0000000008000578       0x70 ./Core/Src/HIDKeyFunctions.o
                0x0000000008000578                readAllPins
 .text.main     0x00000000080005e8       0x24 ./Core/Src/main.o
                0x00000000080005e8                main
 .text.SystemClock_Config
                0x000000000800060c       0xb6 ./Core/Src/main.o
                0x000000000800060c                SystemClock_Config
 *fill*         0x00000000080006c2        0x2 
 .text.MX_USART2_UART_Init
                0x00000000080006c4       0x54 ./Core/Src/main.o
 .text.MX_GPIO_Init
                0x0000000008000718      0x124 ./Core/Src/main.o
 .text.Error_Handler
                0x000000000800083c        0xa ./Core/Src/main.o
                0x000000000800083c                Error_Handler
 *fill*         0x0000000008000846        0x2 
 .text.HAL_MspInit
                0x0000000008000848       0x64 ./Core/Src/stm32f1xx_hal_msp.o
                0x0000000008000848                HAL_MspInit
 .text.HAL_UART_MspInit
                0x00000000080008ac       0x94 ./Core/Src/stm32f1xx_hal_msp.o
                0x00000000080008ac                HAL_UART_MspInit
 .text.NMI_Handler
                0x0000000008000940        0x6 ./Core/Src/stm32f1xx_it.o
                0x0000000008000940                NMI_Handler
 .text.HardFault_Handler
                0x0000000008000946        0x6 ./Core/Src/stm32f1xx_it.o
                0x0000000008000946                HardFault_Handler
 .text.MemManage_Handler
                0x000000000800094c        0x6 ./Core/Src/stm32f1xx_it.o
                0x000000000800094c                MemManage_Handler
 .text.BusFault_Handler
                0x0000000008000952        0x6 ./Core/Src/stm32f1xx_it.o
                0x0000000008000952                BusFault_Handler
 .text.UsageFault_Handler
                0x0000000008000958        0x6 ./Core/Src/stm32f1xx_it.o
                0x0000000008000958                UsageFault_Handler
 .text.SVC_Handler
                0x000000000800095e        0xc ./Core/Src/stm32f1xx_it.o
                0x000000000800095e                SVC_Handler
 .text.DebugMon_Handler
                0x000000000800096a        0xc ./Core/Src/stm32f1xx_it.o
                0x000000000800096a                DebugMon_Handler
 .text.PendSV_Handler
                0x0000000008000976        0xc ./Core/Src/stm32f1xx_it.o
                0x0000000008000976                PendSV_Handler
 .text.SysTick_Handler
                0x0000000008000982        0xc ./Core/Src/stm32f1xx_it.o
                0x0000000008000982                SysTick_Handler
 *fill*         0x000000000800098e        0x2 
 .text.USB_LP_CAN1_RX0_IRQHandler
                0x0000000008000990       0x14 ./Core/Src/stm32f1xx_it.o
                0x0000000008000990                USB_LP_CAN1_RX0_IRQHandler
 .text.SystemInit
                0x00000000080009a4        0xc ./Core/Src/system_stm32f1xx.o
                0x00000000080009a4                SystemInit
 .text.Reset_Handler
                0x00000000080009b0       0x48 ./Core/Startup/startup_stm32f103c8tx.o
                0x00000000080009b0                Reset_Handler
 .text.Default_Handler
                0x00000000080009f8        0x2 ./Core/Startup/startup_stm32f103c8tx.o
                0x00000000080009f8                RTC_Alarm_IRQHandler
                0x00000000080009f8                EXTI2_IRQHandler
                0x00000000080009f8                TIM1_CC_IRQHandler
                0x00000000080009f8                PVD_IRQHandler
                0x00000000080009f8                EXTI3_IRQHandler
                0x00000000080009f8                EXTI0_IRQHandler
                0x00000000080009f8                I2C2_EV_IRQHandler
                0x00000000080009f8                ADC1_2_IRQHandler
                0x00000000080009f8                SPI1_IRQHandler
                0x00000000080009f8                TAMPER_IRQHandler
                0x00000000080009f8                DMA1_Channel4_IRQHandler
                0x00000000080009f8                USART3_IRQHandler
                0x00000000080009f8                RTC_IRQHandler
                0x00000000080009f8                DMA1_Channel7_IRQHandler
                0x00000000080009f8                CAN1_RX1_IRQHandler
                0x00000000080009f8                TIM4_IRQHandler
                0x00000000080009f8                I2C1_EV_IRQHandler
                0x00000000080009f8                DMA1_Channel6_IRQHandler
                0x00000000080009f8                TIM3_IRQHandler
                0x00000000080009f8                RCC_IRQHandler
                0x00000000080009f8                TIM1_TRG_COM_IRQHandler
                0x00000000080009f8                DMA1_Channel1_IRQHandler
                0x00000000080009f8                Default_Handler
                0x00000000080009f8                EXTI15_10_IRQHandler
                0x00000000080009f8                EXTI9_5_IRQHandler
                0x00000000080009f8                SPI2_IRQHandler
                0x00000000080009f8                DMA1_Channel5_IRQHandler
                0x00000000080009f8                EXTI4_IRQHandler
                0x00000000080009f8                USB_HP_CAN1_TX_IRQHandler
                0x00000000080009f8                DMA1_Channel3_IRQHandler
                0x00000000080009f8                TIM1_UP_IRQHandler
                0x00000000080009f8                WWDG_IRQHandler
                0x00000000080009f8                TIM2_IRQHandler
                0x00000000080009f8                TIM1_BRK_IRQHandler
                0x00000000080009f8                EXTI1_IRQHandler
                0x00000000080009f8                USART2_IRQHandler
                0x00000000080009f8                I2C2_ER_IRQHandler
                0x00000000080009f8                DMA1_Channel2_IRQHandler
                0x00000000080009f8                CAN1_SCE_IRQHandler
                0x00000000080009f8                FLASH_IRQHandler
                0x00000000080009f8                USART1_IRQHandler
                0x00000000080009f8                I2C1_ER_IRQHandler
                0x00000000080009f8                USBWakeUp_IRQHandler
 *fill*         0x00000000080009fa        0x2 
 .text.HAL_Init
                0x00000000080009fc       0x2c ./Drivers/STM32F1xx_HAL_Driver/Src/stm32f1xx_hal.o
                0x00000000080009fc                HAL_Init
 .text.HAL_InitTick
                0x0000000008000a28       0x60 ./Drivers/STM32F1xx_HAL_Driver/Src/stm32f1xx_hal.o
                0x0000000008000a28                HAL_InitTick
 .text.HAL_IncTick
                0x0000000008000a88       0x24 ./Drivers/STM32F1xx_HAL_Driver/Src/stm32f1xx_hal.o
                0x0000000008000a88                HAL_IncTick
 .text.HAL_GetTick
                0x0000000008000aac       0x14 ./Drivers/STM32F1xx_HAL_Driver/Src/stm32f1xx_hal.o
                0x0000000008000aac                HAL_GetTick
 .text.HAL_Delay
                0x0000000008000ac0       0x48 ./Drivers/STM32F1xx_HAL_Driver/Src/stm32f1xx_hal.o
                0x0000000008000ac0                HAL_Delay
 .text.__NVIC_SetPriorityGrouping
                0x0000000008000b08       0x48 ./Drivers/STM32F1xx_HAL_Driver/Src/stm32f1xx_hal_cortex.o
 .text.__NVIC_GetPriorityGrouping
                0x0000000008000b50       0x1c ./Drivers/STM32F1xx_HAL_Driver/Src/stm32f1xx_hal_cortex.o
 .text.__NVIC_EnableIRQ
                0x0000000008000b6c       0x38 ./Drivers/STM32F1xx_HAL_Driver/Src/stm32f1xx_hal_cortex.o
 .text.__NVIC_SetPriority
                0x0000000008000ba4       0x54 ./Drivers/STM32F1xx_HAL_Driver/Src/stm32f1xx_hal_cortex.o
 .text.NVIC_EncodePriority
                0x0000000008000bf8       0x64 ./Drivers/STM32F1xx_HAL_Driver/Src/stm32f1xx_hal_cortex.o
 .text.SysTick_Config
                0x0000000008000c5c       0x44 ./Drivers/STM32F1xx_HAL_Driver/Src/stm32f1xx_hal_cortex.o
 .text.HAL_NVIC_SetPriorityGrouping
                0x0000000008000ca0       0x16 ./Drivers/STM32F1xx_HAL_Driver/Src/stm32f1xx_hal_cortex.o
                0x0000000008000ca0                HAL_NVIC_SetPriorityGrouping
 .text.HAL_NVIC_SetPriority
                0x0000000008000cb6       0x38 ./Drivers/STM32F1xx_HAL_Driver/Src/stm32f1xx_hal_cortex.o
                0x0000000008000cb6                HAL_NVIC_SetPriority
 .text.HAL_NVIC_EnableIRQ
                0x0000000008000cee       0x1c ./Drivers/STM32F1xx_HAL_Driver/Src/stm32f1xx_hal_cortex.o
                0x0000000008000cee                HAL_NVIC_EnableIRQ
 .text.HAL_SYSTICK_Config
                0x0000000008000d0a       0x18 ./Drivers/STM32F1xx_HAL_Driver/Src/stm32f1xx_hal_cortex.o
                0x0000000008000d0a                HAL_SYSTICK_Config
 *fill*         0x0000000008000d22        0x2 
 .text.HAL_GPIO_Init
                0x0000000008000d24      0x308 ./Drivers/STM32F1xx_HAL_Driver/Src/stm32f1xx_hal_gpio.o
                0x0000000008000d24                HAL_GPIO_Init
 .text.HAL_GPIO_ReadPin
                0x000000000800102c       0x2e ./Drivers/STM32F1xx_HAL_Driver/Src/stm32f1xx_hal_gpio.o
                0x000000000800102c                HAL_GPIO_ReadPin
 .text.HAL_GPIO_WritePin
                0x000000000800105a       0x30 ./Drivers/STM32F1xx_HAL_Driver/Src/stm32f1xx_hal_gpio.o
                0x000000000800105a                HAL_GPIO_WritePin
 .text.HAL_PCD_Init
                0x000000000800108a      0x1fe ./Drivers/STM32F1xx_HAL_Driver/Src/stm32f1xx_hal_pcd.o
                0x000000000800108a                HAL_PCD_Init
 .text.HAL_PCD_Start
                0x0000000008001288       0x4c ./Drivers/STM32F1xx_HAL_Driver/Src/stm32f1xx_hal_pcd.o
                0x0000000008001288                HAL_PCD_Start
 .text.HAL_PCD_IRQHandler
                0x00000000080012d4      0x260 ./Drivers/STM32F1xx_HAL_Driver/Src/stm32f1xx_hal_pcd.o
                0x00000000080012d4                HAL_PCD_IRQHandler
 .text.HAL_PCD_SetAddress
                0x0000000008001534       0x4a ./Drivers/STM32F1xx_HAL_Driver/Src/stm32f1xx_hal_pcd.o
                0x0000000008001534                HAL_PCD_SetAddress
 .text.HAL_PCD_EP_Open
                0x000000000800157e       0xba ./Drivers/STM32F1xx_HAL_Driver/Src/stm32f1xx_hal_pcd.o
                0x000000000800157e                HAL_PCD_EP_Open
 .text.HAL_PCD_EP_Close
                0x0000000008001638       0x90 ./Drivers/STM32F1xx_HAL_Driver/Src/stm32f1xx_hal_pcd.o
                0x0000000008001638                HAL_PCD_EP_Close
 .text.HAL_PCD_EP_Receive
                0x00000000080016c8       0x62 ./Drivers/STM32F1xx_HAL_Driver/Src/stm32f1xx_hal_pcd.o
                0x00000000080016c8                HAL_PCD_EP_Receive
 .text.HAL_PCD_EP_Transmit
                0x000000000800172a       0x6e ./Drivers/STM32F1xx_HAL_Driver/Src/stm32f1xx_hal_pcd.o
                0x000000000800172a                HAL_PCD_EP_Transmit
 .text.HAL_PCD_EP_SetStall
                0x0000000008001798       0xc0 ./Drivers/STM32F1xx_HAL_Driver/Src/stm32f1xx_hal_pcd.o
                0x0000000008001798                HAL_PCD_EP_SetStall
 .text.HAL_PCD_EP_ClrStall
                0x0000000008001858       0xa8 ./Drivers/STM32F1xx_HAL_Driver/Src/stm32f1xx_hal_pcd.o
                0x0000000008001858                HAL_PCD_EP_ClrStall
 .text.PCD_EP_ISR_Handler
                0x0000000008001900      0x7a6 ./Drivers/STM32F1xx_HAL_Driver/Src/stm32f1xx_hal_pcd.o
 .text.HAL_PCD_EP_DB_Receive
                0x00000000080020a6      0x21a ./Drivers/STM32F1xx_HAL_Driver/Src/stm32f1xx_hal_pcd.o
 .text.HAL_PCD_EP_DB_Transmit
                0x00000000080022c0      0x7f4 ./Drivers/STM32F1xx_HAL_Driver/Src/stm32f1xx_hal_pcd.o
 .text.HAL_PCDEx_PMAConfig
                0x0000000008002ab4       0x84 ./Drivers/STM32F1xx_HAL_Driver/Src/stm32f1xx_hal_pcd_ex.o
                0x0000000008002ab4                HAL_PCDEx_PMAConfig
 .text.HAL_RCC_OscConfig
                0x0000000008002b38      0x504 ./Drivers/STM32F1xx_HAL_Driver/Src/stm32f1xx_hal_rcc.o
                0x0000000008002b38                HAL_RCC_OscConfig
 .text.HAL_RCC_ClockConfig
                0x000000000800303c      0x1d4 ./Drivers/STM32F1xx_HAL_Driver/Src/stm32f1xx_hal_rcc.o
                0x000000000800303c                HAL_RCC_ClockConfig
 .text.HAL_RCC_GetSysClockFreq
                0x0000000008003210       0xa8 ./Drivers/STM32F1xx_HAL_Driver/Src/stm32f1xx_hal_rcc.o
                0x0000000008003210                HAL_RCC_GetSysClockFreq
 .text.HAL_RCC_GetHCLKFreq
                0x00000000080032b8       0x14 ./Drivers/STM32F1xx_HAL_Driver/Src/stm32f1xx_hal_rcc.o
                0x00000000080032b8                HAL_RCC_GetHCLKFreq
 .text.HAL_RCC_GetPCLK1Freq
                0x00000000080032cc       0x28 ./Drivers/STM32F1xx_HAL_Driver/Src/stm32f1xx_hal_rcc.o
                0x00000000080032cc                HAL_RCC_GetPCLK1Freq
 .text.HAL_RCC_GetPCLK2Freq
                0x00000000080032f4       0x28 ./Drivers/STM32F1xx_HAL_Driver/Src/stm32f1xx_hal_rcc.o
                0x00000000080032f4                HAL_RCC_GetPCLK2Freq
 .text.RCC_Delay
                0x000000000800331c       0x3c ./Drivers/STM32F1xx_HAL_Driver/Src/stm32f1xx_hal_rcc.o
 .text.HAL_RCCEx_PeriphCLKConfig
                0x0000000008003358      0x16c ./Drivers/STM32F1xx_HAL_Driver/Src/stm32f1xx_hal_rcc_ex.o
                0x0000000008003358                HAL_RCCEx_PeriphCLKConfig
 .text.HAL_UART_Init
                0x00000000080034c4       0xa0 ./Drivers/STM32F1xx_HAL_Driver/Src/stm32f1xx_hal_uart.o
                0x00000000080034c4                HAL_UART_Init
 .text.UART_SetConfig
                0x0000000008003564      0x11c ./Drivers/STM32F1xx_HAL_Driver/Src/stm32f1xx_hal_uart.o
 .text.USB_CoreInit
                0x0000000008003680       0x20 ./Drivers/STM32F1xx_HAL_Driver/Src/stm32f1xx_ll_usb.o
                0x0000000008003680                USB_CoreInit
 .text.USB_EnableGlobalInt
                0x00000000080036a0       0x2c ./Drivers/STM32F1xx_HAL_Driver/Src/stm32f1xx_ll_usb.o
                0x00000000080036a0                USB_EnableGlobalInt
 .text.USB_DisableGlobalInt
                0x00000000080036cc       0x34 ./Drivers/STM32F1xx_HAL_Driver/Src/stm32f1xx_ll_usb.o
                0x00000000080036cc                USB_DisableGlobalInt
 .text.USB_SetCurrentMode
                0x0000000008003700       0x18 ./Drivers/STM32F1xx_HAL_Driver/Src/stm32f1xx_ll_usb.o
                0x0000000008003700                USB_SetCurrentMode
 .text.USB_DevInit
                0x0000000008003718       0x40 ./Drivers/STM32F1xx_HAL_Driver/Src/stm32f1xx_ll_usb.o
                0x0000000008003718                USB_DevInit
 .text.USB_ActivateEndpoint
                0x0000000008003758      0x780 ./Drivers/STM32F1xx_HAL_Driver/Src/stm32f1xx_ll_usb.o
                0x0000000008003758                USB_ActivateEndpoint
 .text.USB_DeactivateEndpoint
                0x0000000008003ed8      0x3d8 ./Drivers/STM32F1xx_HAL_Driver/Src/stm32f1xx_ll_usb.o
                0x0000000008003ed8                USB_DeactivateEndpoint
 .text.USB_EPStartXfer
                0x00000000080042b0     0x1762 ./Drivers/STM32F1xx_HAL_Driver/Src/stm32f1xx_ll_usb.o
                0x00000000080042b0                USB_EPStartXfer
 .text.USB_EPSetStall
                0x0000000008005a12       0xa0 ./Drivers/STM32F1xx_HAL_Driver/Src/stm32f1xx_ll_usb.o
                0x0000000008005a12                USB_EPSetStall
 .text.USB_EPClearStall
                0x0000000008005ab2      0x15a ./Drivers/STM32F1xx_HAL_Driver/Src/stm32f1xx_ll_usb.o
                0x0000000008005ab2                USB_EPClearStall
 .text.USB_SetDevAddress
                0x0000000008005c0c       0x26 ./Drivers/STM32F1xx_HAL_Driver/Src/stm32f1xx_ll_usb.o
                0x0000000008005c0c                USB_SetDevAddress
 .text.USB_DevConnect
                0x0000000008005c32       0x14 ./Drivers/STM32F1xx_HAL_Driver/Src/stm32f1xx_ll_usb.o
                0x0000000008005c32                USB_DevConnect
 .text.USB_DevDisconnect
                0x0000000008005c46       0x14 ./Drivers/STM32F1xx_HAL_Driver/Src/stm32f1xx_ll_usb.o
                0x0000000008005c46                USB_DevDisconnect
 .text.USB_ReadInterrupts
                0x0000000008005c5a       0x1e ./Drivers/STM32F1xx_HAL_Driver/Src/stm32f1xx_ll_usb.o
                0x0000000008005c5a                USB_ReadInterrupts
 .text.USB_EP0_OutStart
                0x0000000008005c78       0x16 ./Drivers/STM32F1xx_HAL_Driver/Src/stm32f1xx_ll_usb.o
                0x0000000008005c78                USB_EP0_OutStart
 .text.USB_WritePMA
                0x0000000008005c8e       0x8a ./Drivers/STM32F1xx_HAL_Driver/Src/stm32f1xx_ll_usb.o
                0x0000000008005c8e                USB_WritePMA
 .text.USB_ReadPMA
                0x0000000008005d18       0x9e ./Drivers/STM32F1xx_HAL_Driver/Src/stm32f1xx_ll_usb.o
                0x0000000008005d18                USB_ReadPMA
 .text.USBD_HID_Init
                0x0000000008005db6       0x4e ./Middlewares/ST/STM32_USB_Device_Library/Class/HID/Src/usbd_hid.o
 .text.USBD_HID_DeInit
                0x0000000008005e04       0x42 ./Middlewares/ST/STM32_USB_Device_Library/Class/HID/Src/usbd_hid.o
 *fill*         0x0000000008005e46        0x2 
 .text.USBD_HID_Setup
                0x0000000008005e48      0x1fc ./Middlewares/ST/STM32_USB_Device_Library/Class/HID/Src/usbd_hid.o
 .text.USBD_HID_SendReport
                0x0000000008006044       0x44 ./Middlewares/ST/STM32_USB_Device_Library/Class/HID/Src/usbd_hid.o
                0x0000000008006044                USBD_HID_SendReport
 .text.USBD_HID_GetFSCfgDesc
                0x0000000008006088       0x20 ./Middlewares/ST/STM32_USB_Device_Library/Class/HID/Src/usbd_hid.o
 .text.USBD_HID_GetHSCfgDesc
                0x00000000080060a8       0x20 ./Middlewares/ST/STM32_USB_Device_Library/Class/HID/Src/usbd_hid.o
 .text.USBD_HID_GetOtherSpeedCfgDesc
                0x00000000080060c8       0x20 ./Middlewares/ST/STM32_USB_Device_Library/Class/HID/Src/usbd_hid.o
 .text.USBD_HID_DataIn
                0x00000000080060e8       0x22 ./Middlewares/ST/STM32_USB_Device_Library/Class/HID/Src/usbd_hid.o
 *fill*         0x000000000800610a        0x2 
 .text.USBD_HID_GetDeviceQualifierDesc
                0x000000000800610c       0x20 ./Middlewares/ST/STM32_USB_Device_Library/Class/HID/Src/usbd_hid.o
 .text.USBD_Init
                0x000000000800612c       0x56 ./Middlewares/ST/STM32_USB_Device_Library/Core/Src/usbd_core.o
                0x000000000800612c                USBD_Init
 .text.USBD_RegisterClass
                0x0000000008006182       0x32 ./Middlewares/ST/STM32_USB_Device_Library/Core/Src/usbd_core.o
                0x0000000008006182                USBD_RegisterClass
 .text.USBD_Start
                0x00000000080061b4       0x18 ./Middlewares/ST/STM32_USB_Device_Library/Core/Src/usbd_core.o
                0x00000000080061b4                USBD_Start
 .text.USBD_RunTestMode
                0x00000000080061cc       0x14 ./Middlewares/ST/STM32_USB_Device_Library/Core/Src/usbd_core.o
                0x00000000080061cc                USBD_RunTestMode
 .text.USBD_SetClassConfig
                0x00000000080061e0       0x3e ./Middlewares/ST/STM32_USB_Device_Library/Core/Src/usbd_core.o
                0x00000000080061e0                USBD_SetClassConfig
 .text.USBD_ClrClassConfig
                0x000000000800621e       0x26 ./Middlewares/ST/STM32_USB_Device_Library/Core/Src/usbd_core.o
                0x000000000800621e                USBD_ClrClassConfig
 .text.USBD_LL_SetupStage
                0x0000000008006244       0x9a ./Middlewares/ST/STM32_USB_Device_Library/Core/Src/usbd_core.o
                0x0000000008006244                USBD_LL_SetupStage
 .text.USBD_LL_DataOutStage
                0x00000000080062de       0xe2 ./Middlewares/ST/STM32_USB_Device_Library/Core/Src/usbd_core.o
                0x00000000080062de                USBD_LL_DataOutStage
 .text.USBD_LL_DataInStage
                0x00000000080063c0      0x14a ./Middlewares/ST/STM32_USB_Device_Library/Core/Src/usbd_core.o
                0x00000000080063c0                USBD_LL_DataInStage
 .text.USBD_LL_Reset
                0x000000000800650a       0x82 ./Middlewares/ST/STM32_USB_Device_Library/Core/Src/usbd_core.o
                0x000000000800650a                USBD_LL_Reset
 .text.USBD_LL_SetSpeed
                0x000000000800658c       0x1e ./Middlewares/ST/STM32_USB_Device_Library/Core/Src/usbd_core.o
                0x000000000800658c                USBD_LL_SetSpeed
 .text.USBD_LL_Suspend
                0x00000000080065aa       0x28 ./Middlewares/ST/STM32_USB_Device_Library/Core/Src/usbd_core.o
                0x00000000080065aa                USBD_LL_Suspend
 .text.USBD_LL_Resume
                0x00000000080065d2       0x2a ./Middlewares/ST/STM32_USB_Device_Library/Core/Src/usbd_core.o
                0x00000000080065d2                USBD_LL_Resume
 .text.USBD_LL_SOF
                0x00000000080065fc       0x34 ./Middlewares/ST/STM32_USB_Device_Library/Core/Src/usbd_core.o
                0x00000000080065fc                USBD_LL_SOF
 .text.USBD_StdDevReq
                0x0000000008006630       0xd4 ./Middlewares/ST/STM32_USB_Device_Library/Core/Src/usbd_ctlreq.o
                0x0000000008006630                USBD_StdDevReq
 .text.USBD_StdItfReq
                0x0000000008006704       0x90 ./Middlewares/ST/STM32_USB_Device_Library/Core/Src/usbd_ctlreq.o
                0x0000000008006704                USBD_StdItfReq
 .text.USBD_StdEPReq
                0x0000000008006794      0x2c6 ./Middlewares/ST/STM32_USB_Device_Library/Core/Src/usbd_ctlreq.o
                0x0000000008006794                USBD_StdEPReq
 *fill*         0x0000000008006a5a        0x2 
 .text.USBD_GetDescriptor
                0x0000000008006a5c      0x2d0 ./Middlewares/ST/STM32_USB_Device_Library/Core/Src/usbd_ctlreq.o
 .text.USBD_SetAddress
                0x0000000008006d2c       0x86 ./Middlewares/ST/STM32_USB_Device_Library/Core/Src/usbd_ctlreq.o
 *fill*         0x0000000008006db2        0x2 
 .text.USBD_SetConfig
                0x0000000008006db4      0x11c ./Middlewares/ST/STM32_USB_Device_Library/Core/Src/usbd_ctlreq.o
 .text.USBD_GetConfig
                0x0000000008006ed0       0x6a ./Middlewares/ST/STM32_USB_Device_Library/Core/Src/usbd_ctlreq.o
 .text.USBD_GetStatus
                0x0000000008006f3a       0x66 ./Middlewares/ST/STM32_USB_Device_Library/Core/Src/usbd_ctlreq.o
 .text.USBD_SetFeature
                0x0000000008006fa0       0x28 ./Middlewares/ST/STM32_USB_Device_Library/Core/Src/usbd_ctlreq.o
 .text.USBD_ClrFeature
                0x0000000008006fc8       0x42 ./Middlewares/ST/STM32_USB_Device_Library/Core/Src/usbd_ctlreq.o
 .text.USBD_ParseSetupRequest
                0x000000000800700a       0x78 ./Middlewares/ST/STM32_USB_Device_Library/Core/Src/usbd_ctlreq.o
                0x000000000800700a                USBD_ParseSetupRequest
 .text.USBD_CtlError
                0x0000000008007082       0x22 ./Middlewares/ST/STM32_USB_Device_Library/Core/Src/usbd_ctlreq.o
                0x0000000008007082                USBD_CtlError
 .text.USBD_GetString
                0x00000000080070a4       0x84 ./Middlewares/ST/STM32_USB_Device_Library/Core/Src/usbd_ctlreq.o
                0x00000000080070a4                USBD_GetString
 .text.USBD_GetLen
                0x0000000008007128       0x2e ./Middlewares/ST/STM32_USB_Device_Library/Core/Src/usbd_ctlreq.o
 .text.USBD_CtlSendData
                0x0000000008007156       0x38 ./Middlewares/ST/STM32_USB_Device_Library/Core/Src/usbd_ioreq.o
                0x0000000008007156                USBD_CtlSendData
 .text.USBD_CtlContinueSendData
                0x000000000800718e       0x24 ./Middlewares/ST/STM32_USB_Device_Library/Core/Src/usbd_ioreq.o
                0x000000000800718e                USBD_CtlContinueSendData
 .text.USBD_CtlContinueRx
                0x00000000080071b2       0x24 ./Middlewares/ST/STM32_USB_Device_Library/Core/Src/usbd_ioreq.o
                0x00000000080071b2                USBD_CtlContinueRx
 .text.USBD_CtlSendStatus
                0x00000000080071d6       0x26 ./Middlewares/ST/STM32_USB_Device_Library/Core/Src/usbd_ioreq.o
                0x00000000080071d6                USBD_CtlSendStatus
 .text.USBD_CtlReceiveStatus
                0x00000000080071fc       0x26 ./Middlewares/ST/STM32_USB_Device_Library/Core/Src/usbd_ioreq.o
                0x00000000080071fc                USBD_CtlReceiveStatus
 *fill*         0x0000000008007222        0x2 
 .text.MX_USB_DEVICE_Init
                0x0000000008007224       0x4c ./USB_DEVICE/App/usb_device.o
                0x0000000008007224                MX_USB_DEVICE_Init
 .text.USBD_FS_DeviceDescriptor
                0x0000000008007270       0x24 ./USB_DEVICE/App/usbd_desc.o
                0x0000000008007270                USBD_FS_DeviceDescriptor
 .text.USBD_FS_LangIDStrDescriptor
                0x0000000008007294       0x24 ./USB_DEVICE/App/usbd_desc.o
                0x0000000008007294                USBD_FS_LangIDStrDescriptor
 .text.USBD_FS_ProductStrDescriptor
                0x00000000080072b8       0x3c ./USB_DEVICE/App/usbd_desc.o
                0x00000000080072b8                USBD_FS_ProductStrDescriptor
 .text.USBD_FS_ManufacturerStrDescriptor
                0x00000000080072f4       0x28 ./USB_DEVICE/App/usbd_desc.o
                0x00000000080072f4                USBD_FS_ManufacturerStrDescriptor
 .text.USBD_FS_SerialStrDescriptor
                0x000000000800731c       0x24 ./USB_DEVICE/App/usbd_desc.o
                0x000000000800731c                USBD_FS_SerialStrDescriptor
 .text.USBD_FS_ConfigStrDescriptor
                0x0000000008007340       0x3c ./USB_DEVICE/App/usbd_desc.o
                0x0000000008007340                USBD_FS_ConfigStrDescriptor
 .text.USBD_FS_InterfaceStrDescriptor
                0x000000000800737c       0x3c ./USB_DEVICE/App/usbd_desc.o
                0x000000000800737c                USBD_FS_InterfaceStrDescriptor
 .text.Get_SerialNum
                0x00000000080073b8       0x58 ./USB_DEVICE/App/usbd_desc.o
 .text.IntToUnicode
                0x0000000008007410       0x7c ./USB_DEVICE/App/usbd_desc.o
 .text.HAL_PCD_MspInit
                0x000000000800748c       0x4c ./USB_DEVICE/Target/usbd_conf.o
                0x000000000800748c                HAL_PCD_MspInit
 .text.HAL_PCD_SetupStageCallback
                0x00000000080074d8       0x24 ./USB_DEVICE/Target/usbd_conf.o
                0x00000000080074d8                HAL_PCD_SetupStageCallback
 .text.HAL_PCD_DataOutStageCallback
                0x00000000080074fc       0x36 ./USB_DEVICE/Target/usbd_conf.o
                0x00000000080074fc                HAL_PCD_DataOutStageCallback
 .text.HAL_PCD_DataInStageCallback
                0x0000000008007532       0x34 ./USB_DEVICE/Target/usbd_conf.o
                0x0000000008007532                HAL_PCD_DataInStageCallback
 .text.HAL_PCD_SOFCallback
                0x0000000008007566       0x1c ./USB_DEVICE/Target/usbd_conf.o
                0x0000000008007566                HAL_PCD_SOFCallback
 .text.HAL_PCD_ResetCallback
                0x0000000008007582       0x3c ./USB_DEVICE/Target/usbd_conf.o
                0x0000000008007582                HAL_PCD_ResetCallback
 *fill*         0x00000000080075be        0x2 
 .text.HAL_PCD_SuspendCallback
                0x00000000080075c0       0x34 ./USB_DEVICE/Target/usbd_conf.o
                0x00000000080075c0                HAL_PCD_SuspendCallback
 .text.HAL_PCD_ResumeCallback
                0x00000000080075f4       0x1c ./USB_DEVICE/Target/usbd_conf.o
                0x00000000080075f4                HAL_PCD_ResumeCallback
 .text.USBD_LL_Init
                0x0000000008007610       0x90 ./USB_DEVICE/Target/usbd_conf.o
                0x0000000008007610                USBD_LL_Init
 .text.USBD_LL_Start
                0x00000000080076a0       0x36 ./USB_DEVICE/Target/usbd_conf.o
                0x00000000080076a0                USBD_LL_Start
 .text.USBD_LL_OpenEP
                0x00000000080076d6       0x4c ./USB_DEVICE/Target/usbd_conf.o
                0x00000000080076d6                USBD_LL_OpenEP
 .text.USBD_LL_CloseEP
                0x0000000008007722       0x3e ./USB_DEVICE/Target/usbd_conf.o
                0x0000000008007722                USBD_LL_CloseEP
 .text.USBD_LL_StallEP
                0x0000000008007760       0x3e ./USB_DEVICE/Target/usbd_conf.o
                0x0000000008007760                USBD_LL_StallEP
 .text.USBD_LL_ClearStallEP
                0x000000000800779e       0x3e ./USB_DEVICE/Target/usbd_conf.o
                0x000000000800779e                USBD_LL_ClearStallEP
 .text.USBD_LL_IsStallEP
                0x00000000080077dc       0x58 ./USB_DEVICE/Target/usbd_conf.o
                0x00000000080077dc                USBD_LL_IsStallEP
 .text.USBD_LL_SetUSBAddress
                0x0000000008007834       0x3e ./USB_DEVICE/Target/usbd_conf.o
                0x0000000008007834                USBD_LL_SetUSBAddress
 .text.USBD_LL_Transmit
                0x0000000008007872       0x46 ./USB_DEVICE/Target/usbd_conf.o
                0x0000000008007872                USBD_LL_Transmit
 .text.USBD_LL_PrepareReceive
                0x00000000080078b8       0x46 ./USB_DEVICE/Target/usbd_conf.o
                0x00000000080078b8                USBD_LL_PrepareReceive
 *fill*         0x00000000080078fe        0x2 
 .text.USBD_static_malloc
                0x0000000008007900       0x18 ./USB_DEVICE/Target/usbd_conf.o
                0x0000000008007900                USBD_static_malloc
 .text.USBD_static_free
                0x0000000008007918       0x12 ./USB_DEVICE/Target/usbd_conf.o
                0x0000000008007918                USBD_static_free
 .text.HAL_PCDEx_SetConnectionState
                0x000000000800792a       0x16 ./USB_DEVICE/Target/usbd_conf.o
                0x000000000800792a                HAL_PCDEx_SetConnectionState
 .text.USBD_Get_USB_Status
                0x0000000008007940       0x58 ./USB_DEVICE/Target/usbd_conf.o
 .text.memset   0x0000000008007998       0x10 C:/ST/STM32CubeIDE_1.13.1/STM32CubeIDE/plugins/com.st.stm32cube.ide.mcu.externaltools.gnu-tools-for-stm32.11.3.rel1.win32_1.1.0.202305231506/tools/bin/../lib/gcc/arm-none-eabi/11.3.1/../../../../arm-none-eabi/lib/thumb/v7-m/nofp\libc_nano.a(libc_a-memset.o)
                0x0000000008007998                memset
 .text.__libc_init_array
                0x00000000080079a8       0x48 C:/ST/STM32CubeIDE_1.13.1/STM32CubeIDE/plugins/com.st.stm32cube.ide.mcu.externaltools.gnu-tools-for-stm32.11.3.rel1.win32_1.1.0.202305231506/tools/bin/../lib/gcc/arm-none-eabi/11.3.1/../../../../arm-none-eabi/lib/thumb/v7-m/nofp\libc_nano.a(libc_a-init.o)
                0x00000000080079a8                __libc_init_array
 *(.glue_7)
 .glue_7        0x00000000080079f0        0x0 linker stubs
 *(.glue_7t)
 .glue_7t       0x00000000080079f0        0x0 linker stubs
 *(.eh_frame)
 .eh_frame      0x00000000080079f0        0x0 C:/ST/STM32CubeIDE_1.13.1/STM32CubeIDE/plugins/com.st.stm32cube.ide.mcu.externaltools.gnu-tools-for-stm32.11.3.rel1.win32_1.1.0.202305231506/tools/bin/../lib/gcc/arm-none-eabi/11.3.1/thumb/v7-m/nofp/crtbegin.o
 *(.init)
 .init          0x00000000080079f0        0x4 C:/ST/STM32CubeIDE_1.13.1/STM32CubeIDE/plugins/com.st.stm32cube.ide.mcu.externaltools.gnu-tools-for-stm32.11.3.rel1.win32_1.1.0.202305231506/tools/bin/../lib/gcc/arm-none-eabi/11.3.1/thumb/v7-m/nofp/crti.o
                0x00000000080079f0                _init
 .init          0x00000000080079f4        0x8 C:/ST/STM32CubeIDE_1.13.1/STM32CubeIDE/plugins/com.st.stm32cube.ide.mcu.externaltools.gnu-tools-for-stm32.11.3.rel1.win32_1.1.0.202305231506/tools/bin/../lib/gcc/arm-none-eabi/11.3.1/thumb/v7-m/nofp/crtn.o
 *(.fini)
 .fini          0x00000000080079fc        0x4 C:/ST/STM32CubeIDE_1.13.1/STM32CubeIDE/plugins/com.st.stm32cube.ide.mcu.externaltools.gnu-tools-for-stm32.11.3.rel1.win32_1.1.0.202305231506/tools/bin/../lib/gcc/arm-none-eabi/11.3.1/thumb/v7-m/nofp/crti.o
                0x00000000080079fc                _fini
 .fini          0x0000000008007a00        0x8 C:/ST/STM32CubeIDE_1.13.1/STM32CubeIDE/plugins/com.st.stm32cube.ide.mcu.externaltools.gnu-tools-for-stm32.11.3.rel1.win32_1.1.0.202305231506/tools/bin/../lib/gcc/arm-none-eabi/11.3.1/thumb/v7-m/nofp/crtn.o
                0x0000000008007a08                . = ALIGN (0x4)
                0x0000000008007a08                _etext = .

.vfp11_veneer   0x0000000008007a08        0x0
 .vfp11_veneer  0x0000000008007a08        0x0 linker stubs

.v4_bx          0x0000000008007a08        0x0
 .v4_bx         0x0000000008007a08        0x0 linker stubs

.iplt           0x0000000008007a08        0x0
 .iplt          0x0000000008007a08        0x0 C:/ST/STM32CubeIDE_1.13.1/STM32CubeIDE/plugins/com.st.stm32cube.ide.mcu.externaltools.gnu-tools-for-stm32.11.3.rel1.win32_1.1.0.202305231506/tools/bin/../lib/gcc/arm-none-eabi/11.3.1/thumb/v7-m/nofp/crtbegin.o

.rodata         0x0000000008007a08       0x68
                0x0000000008007a08                . = ALIGN (0x4)
 *(.rodata)
 .rodata        0x0000000008007a08       0x3a ./USB_DEVICE/App/usbd_desc.o
 *(.rodata*)
 *fill*         0x0000000008007a42        0x2 
 .rodata.AHBPrescTable
                0x0000000008007a44       0x10 ./Core/Src/system_stm32f1xx.o
                0x0000000008007a44                AHBPrescTable
 .rodata.APBPrescTable
                0x0000000008007a54        0x8 ./Core/Src/system_stm32f1xx.o
                0x0000000008007a54                APBPrescTable
 .rodata.aPLLMULFactorTable.1
                0x0000000008007a5c       0x10 ./Drivers/STM32F1xx_HAL_Driver/Src/stm32f1xx_hal_rcc.o
 .rodata.aPredivFactorTable.0
                0x0000000008007a6c        0x2 ./Drivers/STM32F1xx_HAL_Driver/Src/stm32f1xx_hal_rcc.o
                0x0000000008007a70                . = ALIGN (0x4)
 *fill*         0x0000000008007a6e        0x2 

.rel.dyn        0x0000000008007a70        0x0
 .rel.iplt      0x0000000008007a70        0x0 C:/ST/STM32CubeIDE_1.13.1/STM32CubeIDE/plugins/com.st.stm32cube.ide.mcu.externaltools.gnu-tools-for-stm32.11.3.rel1.win32_1.1.0.202305231506/tools/bin/../lib/gcc/arm-none-eabi/11.3.1/thumb/v7-m/nofp/crtbegin.o

.ARM.extab      0x0000000008007a70        0x0
                0x0000000008007a70                . = ALIGN (0x4)
 *(.ARM.extab* .gnu.linkonce.armextab.*)
                0x0000000008007a70                . = ALIGN (0x4)

.ARM            0x0000000008007a70        0x0
                0x0000000008007a70                . = ALIGN (0x4)
                0x0000000008007a70                __exidx_start = .
 *(.ARM.exidx*)
                0x0000000008007a70                __exidx_end = .
                0x0000000008007a70                . = ALIGN (0x4)

.preinit_array  0x0000000008007a70        0x0
                0x0000000008007a70                . = ALIGN (0x4)
                0x0000000008007a70                PROVIDE (__preinit_array_start = .)
 *(.preinit_array*)
                0x0000000008007a70                PROVIDE (__preinit_array_end = .)
                0x0000000008007a70                . = ALIGN (0x4)

.init_array     0x0000000008007a70        0x4
                0x0000000008007a70                . = ALIGN (0x4)
                0x0000000008007a70                PROVIDE (__init_array_start = .)
 *(SORT_BY_NAME(.init_array.*))
 *(.init_array*)
 .init_array    0x0000000008007a70        0x4 C:/ST/STM32CubeIDE_1.13.1/STM32CubeIDE/plugins/com.st.stm32cube.ide.mcu.externaltools.gnu-tools-for-stm32.11.3.rel1.win32_1.1.0.202305231506/tools/bin/../lib/gcc/arm-none-eabi/11.3.1/thumb/v7-m/nofp/crtbegin.o
                0x0000000008007a74                PROVIDE (__init_array_end = .)
                0x0000000008007a74                . = ALIGN (0x4)

.fini_array     0x0000000008007a74        0x4
                0x0000000008007a74                . = ALIGN (0x4)
                [!provide]                        PROVIDE (__fini_array_start = .)
 *(SORT_BY_NAME(.fini_array.*))
 *(.fini_array*)
 .fini_array    0x0000000008007a74        0x4 C:/ST/STM32CubeIDE_1.13.1/STM32CubeIDE/plugins/com.st.stm32cube.ide.mcu.externaltools.gnu-tools-for-stm32.11.3.rel1.win32_1.1.0.202305231506/tools/bin/../lib/gcc/arm-none-eabi/11.3.1/thumb/v7-m/nofp/crtbegin.o
                [!provide]                        PROVIDE (__fini_array_end = .)
                0x0000000008007a78                . = ALIGN (0x4)
                0x0000000008007a78                _sidata = LOADADDR (.data)

.data           0x0000000020000000      0x174 load address 0x0000000008007a78
                0x0000000020000000                . = ALIGN (0x4)
                0x0000000020000000                _sdata = .
 *(.data)
 *(.data*)
 .data.keys     0x0000000020000000       0x19 ./Core/Src/HIDKeyFunctions.o
                0x0000000020000000                keys
 *fill*         0x0000000020000019        0x3 
 .data.SystemCoreClock
                0x000000002000001c        0x4 ./Core/Src/system_stm32f1xx.o
                0x000000002000001c                SystemCoreClock
 .data.uwTickPrio
                0x0000000020000020        0x4 ./Drivers/STM32F1xx_HAL_Driver/Src/stm32f1xx_hal.o
                0x0000000020000020                uwTickPrio
 .data.uwTickFreq
                0x0000000020000024        0x1 ./Drivers/STM32F1xx_HAL_Driver/Src/stm32f1xx_hal.o
                0x0000000020000024                uwTickFreq
 *fill*         0x0000000020000025        0x3 
 .data.USBD_HID
                0x0000000020000028       0x38 ./Middlewares/ST/STM32_USB_Device_Library/Class/HID/Src/usbd_hid.o
                0x0000000020000028                USBD_HID
 .data.USBD_HID_CfgFSDesc
                0x0000000020000060       0x22 ./Middlewares/ST/STM32_USB_Device_Library/Class/HID/Src/usbd_hid.o
 *fill*         0x0000000020000082        0x2 
 .data.USBD_HID_CfgHSDesc
                0x0000000020000084       0x22 ./Middlewares/ST/STM32_USB_Device_Library/Class/HID/Src/usbd_hid.o
 *fill*         0x00000000200000a6        0x2 
 .data.USBD_HID_OtherSpeedCfgDesc
                0x00000000200000a8       0x22 ./Middlewares/ST/STM32_USB_Device_Library/Class/HID/Src/usbd_hid.o
 *fill*         0x00000000200000ca        0x2 
 .data.USBD_HID_Desc
                0x00000000200000cc        0x9 ./Middlewares/ST/STM32_USB_Device_Library/Class/HID/Src/usbd_hid.o
 *fill*         0x00000000200000d5        0x3 
 .data.USBD_HID_DeviceQualifierDesc
                0x00000000200000d8        0xa ./Middlewares/ST/STM32_USB_Device_Library/Class/HID/Src/usbd_hid.o
 *fill*         0x00000000200000e2        0x2 
 .data.HID_MOUSE_ReportDesc
                0x00000000200000e4       0x3f ./Middlewares/ST/STM32_USB_Device_Library/Class/HID/Src/usbd_hid.o
 *fill*         0x0000000020000123        0x1 
 .data.FS_Desc  0x0000000020000124       0x1c ./USB_DEVICE/App/usbd_desc.o
                0x0000000020000124                FS_Desc
 .data.USBD_FS_DeviceDesc
                0x0000000020000140       0x12 ./USB_DEVICE/App/usbd_desc.o
                0x0000000020000140                USBD_FS_DeviceDesc
 *fill*         0x0000000020000152        0x2 
 .data.USBD_LangIDDesc
                0x0000000020000154        0x4 ./USB_DEVICE/App/usbd_desc.o
                0x0000000020000154                USBD_LangIDDesc
 .data.USBD_StringSerial
                0x0000000020000158       0x1a ./USB_DEVICE/App/usbd_desc.o
                0x0000000020000158                USBD_StringSerial
 *(.RamFunc)
 *(.RamFunc*)
                0x0000000020000174                . = ALIGN (0x4)
 *fill*         0x0000000020000172        0x2 
                0x0000000020000174                _edata = .

.igot.plt       0x0000000020000174        0x0 load address 0x0000000008007bec
 .igot.plt      0x0000000020000174        0x0 C:/ST/STM32CubeIDE_1.13.1/STM32CubeIDE/plugins/com.st.stm32cube.ide.mcu.externaltools.gnu-tools-for-stm32.11.3.rel1.win32_1.1.0.202305231506/tools/bin/../lib/gcc/arm-none-eabi/11.3.1/thumb/v7-m/nofp/crtbegin.o
                0x0000000020000174                . = ALIGN (0x4)

.bss            0x0000000020000174      0x83c load address 0x0000000008007bec
                0x0000000020000174                _sbss = .
                0x0000000020000174                __bss_start__ = _sbss
 *(.bss)
 .bss           0x0000000020000174       0x1c C:/ST/STM32CubeIDE_1.13.1/STM32CubeIDE/plugins/com.st.stm32cube.ide.mcu.externaltools.gnu-tools-for-stm32.11.3.rel1.win32_1.1.0.202305231506/tools/bin/../lib/gcc/arm-none-eabi/11.3.1/thumb/v7-m/nofp/crtbegin.o
 *(.bss*)
 .bss.keyboardhid
                0x0000000020000190        0x8 ./Core/Src/HIDKeyFunctions.o
                0x0000000020000190                keyboardhid
 .bss.huart2    0x0000000020000198       0x48 ./Core/Src/main.o
                0x0000000020000198                huart2
 .bss.uwTick    0x00000000200001e0        0x4 ./Drivers/STM32F1xx_HAL_Driver/Src/stm32f1xx_hal.o
                0x00000000200001e0                uwTick
 .bss.cfgidx.0  0x00000000200001e4        0x1 ./Middlewares/ST/STM32_USB_Device_Library/Core/Src/usbd_ctlreq.o
 *fill*         0x00000000200001e5        0x3 
 .bss.hUsbDeviceFS
                0x00000000200001e8      0x2c4 ./USB_DEVICE/App/usb_device.o
                0x00000000200001e8                hUsbDeviceFS
 .bss.USBD_StrDesc
                0x00000000200004ac      0x200 ./USB_DEVICE/App/usbd_desc.o
                0x00000000200004ac                USBD_StrDesc
 .bss.hpcd_USB_FS
                0x00000000200006ac      0x2f0 ./USB_DEVICE/Target/usbd_conf.o
                0x00000000200006ac                hpcd_USB_FS
 .bss.mem.0     0x000000002000099c       0x14 ./USB_DEVICE/Target/usbd_conf.o
 *(COMMON)
                0x00000000200009b0                . = ALIGN (0x4)
                0x00000000200009b0                _ebss = .
                0x00000000200009b0                __bss_end__ = _ebss

._user_heap_stack
                0x00000000200009b0      0x600 load address 0x0000000008007bec
                0x00000000200009b0                . = ALIGN (0x8)
                [!provide]                        PROVIDE (end = .)
                0x00000000200009b0                PROVIDE (_end = .)
                0x0000000020000bb0                . = (. + _Min_Heap_Size)
 *fill*         0x00000000200009b0      0x200 
                0x0000000020000fb0                . = (. + _Min_Stack_Size)
 *fill*         0x0000000020000bb0      0x400 
                0x0000000020000fb0                . = ALIGN (0x8)

/DISCARD/
 libc.a(*)
 libm.a(*)
 libgcc.a(*)

.ARM.attributes
                0x0000000000000000       0x29
 *(.ARM.attributes)
 .ARM.attributes
                0x0000000000000000       0x1d C:/ST/STM32CubeIDE_1.13.1/STM32CubeIDE/plugins/com.st.stm32cube.ide.mcu.externaltools.gnu-tools-for-stm32.11.3.rel1.win32_1.1.0.202305231506/tools/bin/../lib/gcc/arm-none-eabi/11.3.1/thumb/v7-m/nofp/crti.o
 .ARM.attributes
                0x000000000000001d       0x2d C:/ST/STM32CubeIDE_1.13.1/STM32CubeIDE/plugins/com.st.stm32cube.ide.mcu.externaltools.gnu-tools-for-stm32.11.3.rel1.win32_1.1.0.202305231506/tools/bin/../lib/gcc/arm-none-eabi/11.3.1/thumb/v7-m/nofp/crtbegin.o
 .ARM.attributes
                0x000000000000004a       0x2d ./Core/Src/HIDKeyFunctions.o
 .ARM.attributes
                0x0000000000000077       0x2d ./Core/Src/main.o
 .ARM.attributes
                0x00000000000000a4       0x2d ./Core/Src/stm32f1xx_hal_msp.o
 .ARM.attributes
                0x00000000000000d1       0x2d ./Core/Src/stm32f1xx_it.o
 .ARM.attributes
                0x00000000000000fe       0x2d ./Core/Src/system_stm32f1xx.o
 .ARM.attributes
                0x000000000000012b       0x21 ./Core/Startup/startup_stm32f103c8tx.o
 .ARM.attributes
                0x000000000000014c       0x2d ./Drivers/STM32F1xx_HAL_Driver/Src/stm32f1xx_hal.o
 .ARM.attributes
                0x0000000000000179       0x2d ./Drivers/STM32F1xx_HAL_Driver/Src/stm32f1xx_hal_cortex.o
 .ARM.attributes
                0x00000000000001a6       0x2d ./Drivers/STM32F1xx_HAL_Driver/Src/stm32f1xx_hal_gpio.o
 .ARM.attributes
                0x00000000000001d3       0x2d ./Drivers/STM32F1xx_HAL_Driver/Src/stm32f1xx_hal_pcd.o
 .ARM.attributes
                0x0000000000000200       0x2d ./Drivers/STM32F1xx_HAL_Driver/Src/stm32f1xx_hal_pcd_ex.o
 .ARM.attributes
                0x000000000000022d       0x2d ./Drivers/STM32F1xx_HAL_Driver/Src/stm32f1xx_hal_rcc.o
 .ARM.attributes
                0x000000000000025a       0x2d ./Drivers/STM32F1xx_HAL_Driver/Src/stm32f1xx_hal_rcc_ex.o
 .ARM.attributes
                0x0000000000000287       0x2d ./Drivers/STM32F1xx_HAL_Driver/Src/stm32f1xx_hal_uart.o
 .ARM.attributes
                0x00000000000002b4       0x2d ./Drivers/STM32F1xx_HAL_Driver/Src/stm32f1xx_ll_usb.o
 .ARM.attributes
                0x00000000000002e1       0x2d ./Middlewares/ST/STM32_USB_Device_Library/Class/HID/Src/usbd_hid.o
 .ARM.attributes
                0x000000000000030e       0x2d ./Middlewares/ST/STM32_USB_Device_Library/Core/Src/usbd_core.o
 .ARM.attributes
                0x000000000000033b       0x2d ./Middlewares/ST/STM32_USB_Device_Library/Core/Src/usbd_ctlreq.o
 .ARM.attributes
                0x0000000000000368       0x2d ./Middlewares/ST/STM32_USB_Device_Library/Core/Src/usbd_ioreq.o
 .ARM.attributes
                0x0000000000000395       0x2d ./USB_DEVICE/App/usb_device.o
 .ARM.attributes
                0x00000000000003c2       0x2d ./USB_DEVICE/App/usbd_desc.o
 .ARM.attributes
                0x00000000000003ef       0x2d ./USB_DEVICE/Target/usbd_conf.o
 .ARM.attributes
                0x000000000000041c       0x2d C:/ST/STM32CubeIDE_1.13.1/STM32CubeIDE/plugins/com.st.stm32cube.ide.mcu.externaltools.gnu-tools-for-stm32.11.3.rel1.win32_1.1.0.202305231506/tools/bin/../lib/gcc/arm-none-eabi/11.3.1/../../../../arm-none-eabi/lib/thumb/v7-m/nofp\libc_nano.a(libc_a-memset.o)
 .ARM.attributes
                0x0000000000000449       0x2d C:/ST/STM32CubeIDE_1.13.1/STM32CubeIDE/plugins/com.st.stm32cube.ide.mcu.externaltools.gnu-tools-for-stm32.11.3.rel1.win32_1.1.0.202305231506/tools/bin/../lib/gcc/arm-none-eabi/11.3.1/../../../../arm-none-eabi/lib/thumb/v7-m/nofp\libc_nano.a(libc_a-init.o)
 .ARM.attributes
                0x0000000000000476       0x1d C:/ST/STM32CubeIDE_1.13.1/STM32CubeIDE/plugins/com.st.stm32cube.ide.mcu.externaltools.gnu-tools-for-stm32.11.3.rel1.win32_1.1.0.202305231506/tools/bin/../lib/gcc/arm-none-eabi/11.3.1/thumb/v7-m/nofp/crtn.o
OUTPUT(BD_Numpad.elf elf32-littlearm)
LOAD linker stubs
LOAD C:/ST/STM32CubeIDE_1.13.1/STM32CubeIDE/plugins/com.st.stm32cube.ide.mcu.externaltools.gnu-tools-for-stm32.11.3.rel1.win32_1.1.0.202305231506/tools/bin/../lib/gcc/arm-none-eabi/11.3.1/../../../../arm-none-eabi/lib/thumb/v7-m/nofp\libc.a
LOAD C:/ST/STM32CubeIDE_1.13.1/STM32CubeIDE/plugins/com.st.stm32cube.ide.mcu.externaltools.gnu-tools-for-stm32.11.3.rel1.win32_1.1.0.202305231506/tools/bin/../lib/gcc/arm-none-eabi/11.3.1/../../../../arm-none-eabi/lib/thumb/v7-m/nofp\libm.a
LOAD C:/ST/STM32CubeIDE_1.13.1/STM32CubeIDE/plugins/com.st.stm32cube.ide.mcu.externaltools.gnu-tools-for-stm32.11.3.rel1.win32_1.1.0.202305231506/tools/bin/../lib/gcc/arm-none-eabi/11.3.1/thumb/v7-m/nofp\libgcc.a

.comment        0x0000000000000000       0x43
 .comment       0x0000000000000000       0x43 C:/ST/STM32CubeIDE_1.13.1/STM32CubeIDE/plugins/com.st.stm32cube.ide.mcu.externaltools.gnu-tools-for-stm32.11.3.rel1.win32_1.1.0.202305231506/tools/bin/../lib/gcc/arm-none-eabi/11.3.1/thumb/v7-m/nofp/crtbegin.o
                                         0x44 (size before relaxing)
 .comment       0x0000000000000043       0x44 ./Core/Src/HIDKeyFunctions.o
 .comment       0x0000000000000043       0x44 ./Core/Src/main.o
 .comment       0x0000000000000043       0x44 ./Core/Src/stm32f1xx_hal_msp.o
 .comment       0x0000000000000043       0x44 ./Core/Src/stm32f1xx_it.o
 .comment       0x0000000000000043       0x44 ./Core/Src/system_stm32f1xx.o
 .comment       0x0000000000000043       0x44 ./Drivers/STM32F1xx_HAL_Driver/Src/stm32f1xx_hal.o
 .comment       0x0000000000000043       0x44 ./Drivers/STM32F1xx_HAL_Driver/Src/stm32f1xx_hal_cortex.o
 .comment       0x0000000000000043       0x44 ./Drivers/STM32F1xx_HAL_Driver/Src/stm32f1xx_hal_gpio.o
 .comment       0x0000000000000043       0x44 ./Drivers/STM32F1xx_HAL_Driver/Src/stm32f1xx_hal_pcd.o
 .comment       0x0000000000000043       0x44 ./Drivers/STM32F1xx_HAL_Driver/Src/stm32f1xx_hal_pcd_ex.o
 .comment       0x0000000000000043       0x44 ./Drivers/STM32F1xx_HAL_Driver/Src/stm32f1xx_hal_rcc.o
 .comment       0x0000000000000043       0x44 ./Drivers/STM32F1xx_HAL_Driver/Src/stm32f1xx_hal_rcc_ex.o
 .comment       0x0000000000000043       0x44 ./Drivers/STM32F1xx_HAL_Driver/Src/stm32f1xx_hal_uart.o
 .comment       0x0000000000000043       0x44 ./Drivers/STM32F1xx_HAL_Driver/Src/stm32f1xx_ll_usb.o
 .comment       0x0000000000000043       0x44 ./Middlewares/ST/STM32_USB_Device_Library/Class/HID/Src/usbd_hid.o
 .comment       0x0000000000000043       0x44 ./Middlewares/ST/STM32_USB_Device_Library/Core/Src/usbd_core.o
 .comment       0x0000000000000043       0x44 ./Middlewares/ST/STM32_USB_Device_Library/Core/Src/usbd_ctlreq.o
 .comment       0x0000000000000043       0x44 ./Middlewares/ST/STM32_USB_Device_Library/Core/Src/usbd_ioreq.o
 .comment       0x0000000000000043       0x44 ./USB_DEVICE/App/usb_device.o
 .comment       0x0000000000000043       0x44 ./USB_DEVICE/App/usbd_desc.o
 .comment       0x0000000000000043       0x44 ./USB_DEVICE/Target/usbd_conf.o

.debug_info     0x0000000000000000     0xefc6
 .debug_info    0x0000000000000000      0x89e ./Core/Src/HIDKeyFunctions.o
 .debug_info    0x000000000000089e      0xa5c ./Core/Src/main.o
 .debug_info    0x00000000000012fa      0x7f8 ./Core/Src/stm32f1xx_hal_msp.o
 .debug_info    0x0000000000001af2      0x5f5 ./Core/Src/stm32f1xx_it.o
 .debug_info    0x00000000000020e7      0x222 ./Core/Src/system_stm32f1xx.o
 .debug_info    0x0000000000002309       0x23 ./Core/Startup/startup_stm32f103c8tx.o
 .debug_info    0x000000000000232c      0x704 ./Drivers/STM32F1xx_HAL_Driver/Src/stm32f1xx_hal.o
 .debug_info    0x0000000000002a30      0xa87 ./Drivers/STM32F1xx_HAL_Driver/Src/stm32f1xx_hal_cortex.o
 .debug_info    0x00000000000034b7      0x5ab ./Drivers/STM32F1xx_HAL_Driver/Src/stm32f1xx_hal_gpio.o
 .debug_info    0x0000000000003a62     0x16cf ./Drivers/STM32F1xx_HAL_Driver/Src/stm32f1xx_hal_pcd.o
 .debug_info    0x0000000000005131      0x6b6 ./Drivers/STM32F1xx_HAL_Driver/Src/stm32f1xx_hal_pcd_ex.o
 .debug_info    0x00000000000057e7      0x7d5 ./Drivers/STM32F1xx_HAL_Driver/Src/stm32f1xx_hal_rcc.o
 .debug_info    0x0000000000005fbc      0x3c0 ./Drivers/STM32F1xx_HAL_Driver/Src/stm32f1xx_hal_rcc_ex.o
 .debug_info    0x000000000000637c     0x2fa8 ./Drivers/STM32F1xx_HAL_Driver/Src/stm32f1xx_hal_uart.o
 .debug_info    0x0000000000009324     0x17a2 ./Drivers/STM32F1xx_HAL_Driver/Src/stm32f1xx_ll_usb.o
 .debug_info    0x000000000000aac6      0x927 ./Middlewares/ST/STM32_USB_Device_Library/Class/HID/Src/usbd_hid.o
 .debug_info    0x000000000000b3ed      0xa52 ./Middlewares/ST/STM32_USB_Device_Library/Core/Src/usbd_core.o
 .debug_info    0x000000000000be3f      0x91c ./Middlewares/ST/STM32_USB_Device_Library/Core/Src/usbd_ctlreq.o
 .debug_info    0x000000000000c75b      0x6a0 ./Middlewares/ST/STM32_USB_Device_Library/Core/Src/usbd_ioreq.o
 .debug_info    0x000000000000cdfb      0x53a ./USB_DEVICE/App/usb_device.o
 .debug_info    0x000000000000d335      0x44a ./USB_DEVICE/App/usbd_desc.o
 .debug_info    0x000000000000d77f     0x1847 ./USB_DEVICE/Target/usbd_conf.o

.debug_abbrev   0x0000000000000000     0x2cd2
 .debug_abbrev  0x0000000000000000      0x252 ./Core/Src/HIDKeyFunctions.o
 .debug_abbrev  0x0000000000000252      0x270 ./Core/Src/main.o
 .debug_abbrev  0x00000000000004c2      0x1ab ./Core/Src/stm32f1xx_hal_msp.o
 .debug_abbrev  0x000000000000066d      0x192 ./Core/Src/stm32f1xx_it.o
 .debug_abbrev  0x00000000000007ff      0x13f ./Core/Src/system_stm32f1xx.o
 .debug_abbrev  0x000000000000093e       0x12 ./Core/Startup/startup_stm32f103c8tx.o
 .debug_abbrev  0x0000000000000950      0x201 ./Drivers/STM32F1xx_HAL_Driver/Src/stm32f1xx_hal.o
 .debug_abbrev  0x0000000000000b51      0x2f8 ./Drivers/STM32F1xx_HAL_Driver/Src/stm32f1xx_hal_cortex.o
 .debug_abbrev  0x0000000000000e49      0x1ca ./Drivers/STM32F1xx_HAL_Driver/Src/stm32f1xx_hal_gpio.o
 .debug_abbrev  0x0000000000001013      0x2d6 ./Drivers/STM32F1xx_HAL_Driver/Src/stm32f1xx_hal_pcd.o
 .debug_abbrev  0x00000000000012e9      0x189 ./Drivers/STM32F1xx_HAL_Driver/Src/stm32f1xx_hal_pcd_ex.o
 .debug_abbrev  0x0000000000001472      0x2b3 ./Drivers/STM32F1xx_HAL_Driver/Src/stm32f1xx_hal_rcc.o
 .debug_abbrev  0x0000000000001725      0x188 ./Drivers/STM32F1xx_HAL_Driver/Src/stm32f1xx_hal_rcc_ex.o
 .debug_abbrev  0x00000000000018ad      0x2f8 ./Drivers/STM32F1xx_HAL_Driver/Src/stm32f1xx_hal_uart.o
 .debug_abbrev  0x0000000000001ba5      0x1de ./Drivers/STM32F1xx_HAL_Driver/Src/stm32f1xx_ll_usb.o
 .debug_abbrev  0x0000000000001d83      0x26b ./Middlewares/ST/STM32_USB_Device_Library/Class/HID/Src/usbd_hid.o
 .debug_abbrev  0x0000000000001fee      0x24a ./Middlewares/ST/STM32_USB_Device_Library/Core/Src/usbd_core.o
 .debug_abbrev  0x0000000000002238      0x26b ./Middlewares/ST/STM32_USB_Device_Library/Core/Src/usbd_ctlreq.o
 .debug_abbrev  0x00000000000024a3      0x192 ./Middlewares/ST/STM32_USB_Device_Library/Core/Src/usbd_ioreq.o
 .debug_abbrev  0x0000000000002635      0x188 ./USB_DEVICE/App/usb_device.o
 .debug_abbrev  0x00000000000027bd      0x1ff ./USB_DEVICE/App/usbd_desc.o
 .debug_abbrev  0x00000000000029bc      0x316 ./USB_DEVICE/Target/usbd_conf.o

.debug_aranges  0x0000000000000000      0xc88
 .debug_aranges
                0x0000000000000000       0x60 ./Core/Src/HIDKeyFunctions.o
 .debug_aranges
                0x0000000000000060       0x40 ./Core/Src/main.o
 .debug_aranges
                0x00000000000000a0       0x30 ./Core/Src/stm32f1xx_hal_msp.o
 .debug_aranges
                0x00000000000000d0       0x68 ./Core/Src/stm32f1xx_it.o
 .debug_aranges
                0x0000000000000138       0x28 ./Core/Src/system_stm32f1xx.o
 .debug_aranges
                0x0000000000000160       0x28 ./Core/Startup/startup_stm32f103c8tx.o
 .debug_aranges
                0x0000000000000188       0xe0 ./Drivers/STM32F1xx_HAL_Driver/Src/stm32f1xx_hal.o
 .debug_aranges
                0x0000000000000268      0x100 ./Drivers/STM32F1xx_HAL_Driver/Src/stm32f1xx_hal_cortex.o
 .debug_aranges
                0x0000000000000368       0x58 ./Drivers/STM32F1xx_HAL_Driver/Src/stm32f1xx_hal_gpio.o
 .debug_aranges
                0x00000000000003c0      0x140 ./Drivers/STM32F1xx_HAL_Driver/Src/stm32f1xx_hal_pcd.o
 .debug_aranges
                0x0000000000000500       0x38 ./Drivers/STM32F1xx_HAL_Driver/Src/stm32f1xx_hal_pcd_ex.o
 .debug_aranges
                0x0000000000000538       0x90 ./Drivers/STM32F1xx_HAL_Driver/Src/stm32f1xx_hal_rcc.o
 .debug_aranges
                0x00000000000005c8       0x30 ./Drivers/STM32F1xx_HAL_Driver/Src/stm32f1xx_hal_rcc_ex.o
 .debug_aranges
                0x00000000000005f8      0x208 ./Drivers/STM32F1xx_HAL_Driver/Src/stm32f1xx_hal_uart.o
 .debug_aranges
                0x0000000000000800       0xf8 ./Drivers/STM32F1xx_HAL_Driver/Src/stm32f1xx_ll_usb.o
 .debug_aranges
                0x00000000000008f8       0x68 ./Middlewares/ST/STM32_USB_Device_Library/Class/HID/Src/usbd_hid.o
 .debug_aranges
                0x0000000000000960       0xb8 ./Middlewares/ST/STM32_USB_Device_Library/Core/Src/usbd_core.o
 .debug_aranges
                0x0000000000000a18       0x88 ./Middlewares/ST/STM32_USB_Device_Library/Core/Src/usbd_ctlreq.o
 .debug_aranges
                0x0000000000000aa0       0x50 ./Middlewares/ST/STM32_USB_Device_Library/Core/Src/usbd_ioreq.o
 .debug_aranges
                0x0000000000000af0       0x20 ./USB_DEVICE/App/usb_device.o
 .debug_aranges
                0x0000000000000b10       0x60 ./USB_DEVICE/App/usbd_desc.o
 .debug_aranges
                0x0000000000000b70      0x118 ./USB_DEVICE/Target/usbd_conf.o

.debug_rnglists
                0x0000000000000000      0x964
 .debug_rnglists
                0x0000000000000000       0x48 ./Core/Src/HIDKeyFunctions.o
 .debug_rnglists
                0x0000000000000048       0x2d ./Core/Src/main.o
 .debug_rnglists
                0x0000000000000075       0x20 ./Core/Src/stm32f1xx_hal_msp.o
 .debug_rnglists
                0x0000000000000095       0x49 ./Core/Src/stm32f1xx_it.o
 .debug_rnglists
                0x00000000000000de       0x1a ./Core/Src/system_stm32f1xx.o
 .debug_rnglists
                0x00000000000000f8       0x19 ./Core/Startup/startup_stm32f103c8tx.o
 .debug_rnglists
                0x0000000000000111       0xa3 ./Drivers/STM32F1xx_HAL_Driver/Src/stm32f1xx_hal.o
 .debug_rnglists
                0x00000000000001b4       0xbb ./Drivers/STM32F1xx_HAL_Driver/Src/stm32f1xx_hal_cortex.o
 .debug_rnglists
                0x000000000000026f       0x3f ./Drivers/STM32F1xx_HAL_Driver/Src/stm32f1xx_hal_gpio.o
 .debug_rnglists
                0x00000000000002ae       0xf4 ./Drivers/STM32F1xx_HAL_Driver/Src/stm32f1xx_hal_pcd.o
 .debug_rnglists
                0x00000000000003a2       0x26 ./Drivers/STM32F1xx_HAL_Driver/Src/stm32f1xx_hal_pcd_ex.o
 .debug_rnglists
                0x00000000000003c8       0x6c ./Drivers/STM32F1xx_HAL_Driver/Src/stm32f1xx_hal_rcc.o
 .debug_rnglists
                0x0000000000000434       0x21 ./Drivers/STM32F1xx_HAL_Driver/Src/stm32f1xx_hal_rcc_ex.o
 .debug_rnglists
                0x0000000000000455      0x1bc ./Drivers/STM32F1xx_HAL_Driver/Src/stm32f1xx_hal_uart.o
 .debug_rnglists
                0x0000000000000611       0xbd ./Drivers/STM32F1xx_HAL_Driver/Src/stm32f1xx_ll_usb.o
 .debug_rnglists
                0x00000000000006ce       0x4a ./Middlewares/ST/STM32_USB_Device_Library/Class/HID/Src/usbd_hid.o
 .debug_rnglists
                0x0000000000000718       0x89 ./Middlewares/ST/STM32_USB_Device_Library/Core/Src/usbd_core.o
 .debug_rnglists
                0x00000000000007a1       0x68 ./Middlewares/ST/STM32_USB_Device_Library/Core/Src/usbd_ctlreq.o
 .debug_rnglists
                0x0000000000000809       0x37 ./Middlewares/ST/STM32_USB_Device_Library/Core/Src/usbd_ioreq.o
 .debug_rnglists
                0x0000000000000840       0x13 ./USB_DEVICE/App/usb_device.o
 .debug_rnglists
                0x0000000000000853       0x43 ./USB_DEVICE/App/usbd_desc.o
 .debug_rnglists
                0x0000000000000896       0xce ./USB_DEVICE/Target/usbd_conf.o

.debug_macro    0x0000000000000000    0x196fe
 .debug_macro   0x0000000000000000      0x360 ./Core/Src/HIDKeyFunctions.o
 .debug_macro   0x0000000000000360      0xa9c ./Core/Src/HIDKeyFunctions.o
 .debug_macro   0x0000000000000dfc      0x21b ./Core/Src/HIDKeyFunctions.o
 .debug_macro   0x0000000000001017       0x2e ./Core/Src/HIDKeyFunctions.o
 .debug_macro   0x0000000000001045       0x22 ./Core/Src/HIDKeyFunctions.o
 .debug_macro   0x0000000000001067       0x22 ./Core/Src/HIDKeyFunctions.o
 .debug_macro   0x0000000000001089       0x8e ./Core/Src/HIDKeyFunctions.o
 .debug_macro   0x0000000000001117       0x51 ./Core/Src/HIDKeyFunctions.o
 .debug_macro   0x0000000000001168      0x103 ./Core/Src/HIDKeyFunctions.o
 .debug_macro   0x000000000000126b       0x6a ./Core/Src/HIDKeyFunctions.o
 .debug_macro   0x00000000000012d5      0x1df ./Core/Src/HIDKeyFunctions.o
 .debug_macro   0x00000000000014b4       0x1c ./Core/Src/HIDKeyFunctions.o
 .debug_macro   0x00000000000014d0       0x22 ./Core/Src/HIDKeyFunctions.o
 .debug_macro   0x00000000000014f2       0xbd ./Core/Src/HIDKeyFunctions.o
 .debug_macro   0x00000000000015af      0xd23 ./Core/Src/HIDKeyFunctions.o
 .debug_macro   0x00000000000022d2     0xe09e ./Core/Src/HIDKeyFunctions.o
 .debug_macro   0x0000000000010370       0x6d ./Core/Src/HIDKeyFunctions.o
 .debug_macro   0x00000000000103dd     0x348d ./Core/Src/HIDKeyFunctions.o
 .debug_macro   0x000000000001386a      0x174 ./Core/Src/HIDKeyFunctions.o
 .debug_macro   0x00000000000139de       0x5c ./Core/Src/HIDKeyFunctions.o
 .debug_macro   0x0000000000013a3a      0x5bc ./Core/Src/HIDKeyFunctions.o
 .debug_macro   0x0000000000013ff6      0x289 ./Core/Src/HIDKeyFunctions.o
 .debug_macro   0x000000000001427f      0x1cb ./Core/Src/HIDKeyFunctions.o
 .debug_macro   0x000000000001444a      0x114 ./Core/Src/HIDKeyFunctions.o
 .debug_macro   0x000000000001455e      0x1b2 ./Core/Src/HIDKeyFunctions.o
 .debug_macro   0x0000000000014710       0x27 ./Core/Src/HIDKeyFunctions.o
 .debug_macro   0x0000000000014737      0x136 ./Core/Src/HIDKeyFunctions.o
 .debug_macro   0x000000000001486d      0x1bc ./Core/Src/HIDKeyFunctions.o
 .debug_macro   0x0000000000014a29       0x34 ./Core/Src/HIDKeyFunctions.o
 .debug_macro   0x0000000000014a5d       0x3c ./Core/Src/HIDKeyFunctions.o
 .debug_macro   0x0000000000014a99       0x57 ./Core/Src/HIDKeyFunctions.o
 .debug_macro   0x0000000000014af0       0x87 ./Core/Src/HIDKeyFunctions.o
 .debug_macro   0x0000000000014b77      0x240 ./Core/Src/HIDKeyFunctions.o
 .debug_macro   0x0000000000014db7      0x140 ./Core/Src/HIDKeyFunctions.o
 .debug_macro   0x0000000000014ef7      0x28e ./Core/Src/HIDKeyFunctions.o
 .debug_macro   0x0000000000015185       0xab ./Core/Src/HIDKeyFunctions.o
 .debug_macro   0x0000000000015230      0x242 ./Core/Src/HIDKeyFunctions.o
 .debug_macro   0x0000000000015472       0x83 ./Core/Src/HIDKeyFunctions.o
 .debug_macro   0x00000000000154f5       0xf4 ./Core/Src/HIDKeyFunctions.o
 .debug_macro   0x00000000000155e9       0x61 ./Core/Src/HIDKeyFunctions.o
 .debug_macro   0x000000000001564a       0x24 ./Core/Src/HIDKeyFunctions.o
 .debug_macro   0x000000000001566e       0x43 ./Core/Src/HIDKeyFunctions.o
 .debug_macro   0x00000000000156b1       0x34 ./Core/Src/HIDKeyFunctions.o
 .debug_macro   0x00000000000156e5       0x16 ./Core/Src/HIDKeyFunctions.o
 .debug_macro   0x00000000000156fb       0x35 ./Core/Src/HIDKeyFunctions.o
 .debug_macro   0x0000000000015730      0x369 ./Core/Src/HIDKeyFunctions.o
 .debug_macro   0x0000000000015a99       0x10 ./Core/Src/HIDKeyFunctions.o
 .debug_macro   0x0000000000015aa9       0x16 ./Core/Src/HIDKeyFunctions.o
 .debug_macro   0x0000000000015abf       0x43 ./Core/Src/HIDKeyFunctions.o
 .debug_macro   0x0000000000015b02       0x34 ./Core/Src/HIDKeyFunctions.o
 .debug_macro   0x0000000000015b36       0x10 ./Core/Src/HIDKeyFunctions.o
 .debug_macro   0x0000000000015b46       0x58 ./Core/Src/HIDKeyFunctions.o
 .debug_macro   0x0000000000015b9e       0x8e ./Core/Src/HIDKeyFunctions.o
 .debug_macro   0x0000000000015c2c       0x1c ./Core/Src/HIDKeyFunctions.o
 .debug_macro   0x0000000000015c48      0x177 ./Core/Src/HIDKeyFunctions.o
 .debug_macro   0x0000000000015dbf       0x16 ./Core/Src/HIDKeyFunctions.o
 .debug_macro   0x0000000000015dd5       0x16 ./Core/Src/HIDKeyFunctions.o
 .debug_macro   0x0000000000015deb      0x147 ./Core/Src/HIDKeyFunctions.o
 .debug_macro   0x0000000000015f32       0x16 ./Core/Src/HIDKeyFunctions.o
 .debug_macro   0x0000000000015f48       0x16 ./Core/Src/HIDKeyFunctions.o
 .debug_macro   0x0000000000015f5e       0x29 ./Core/Src/HIDKeyFunctions.o
 .debug_macro   0x0000000000015f87       0x16 ./Core/Src/HIDKeyFunctions.o
 .debug_macro   0x0000000000015f9d       0x20 ./Core/Src/HIDKeyFunctions.o
 .debug_macro   0x0000000000015fbd       0x5f ./Core/Src/HIDKeyFunctions.o
 .debug_macro   0x000000000001601c      0x1c8 ./Core/Src/HIDKeyFunctions.o
 .debug_macro   0x00000000000161e4       0x5e ./Core/Src/HIDKeyFunctions.o
 .debug_macro   0x0000000000016242      0x36a ./Core/Src/main.o
 .debug_macro   0x00000000000165ac      0x1c1 ./Core/Src/stm32f1xx_hal_msp.o
 .debug_macro   0x000000000001676d      0x1cb ./Core/Src/stm32f1xx_it.o
 .debug_macro   0x0000000000016938      0x1b2 ./Core/Src/system_stm32f1xx.o
 .debug_macro   0x0000000000016aea      0x1d6 ./Drivers/STM32F1xx_HAL_Driver/Src/stm32f1xx_hal.o
 .debug_macro   0x0000000000016cc0      0x1b2 ./Drivers/STM32F1xx_HAL_Driver/Src/stm32f1xx_hal_cortex.o
 .debug_macro   0x0000000000016e72      0x21d ./Drivers/STM32F1xx_HAL_Driver/Src/stm32f1xx_hal_gpio.o
 .debug_macro   0x000000000001708f      0x1be ./Drivers/STM32F1xx_HAL_Driver/Src/stm32f1xx_hal_pcd.o
 .debug_macro   0x000000000001724d      0x1b2 ./Drivers/STM32F1xx_HAL_Driver/Src/stm32f1xx_hal_pcd_ex.o
 .debug_macro   0x00000000000173ff      0x1c4 ./Drivers/STM32F1xx_HAL_Driver/Src/stm32f1xx_hal_rcc.o
 .debug_macro   0x00000000000175c3      0x1b2 ./Drivers/STM32F1xx_HAL_Driver/Src/stm32f1xx_hal_rcc_ex.o
 .debug_macro   0x0000000000017775      0x1b3 ./Drivers/STM32F1xx_HAL_Driver/Src/stm32f1xx_hal_uart.o
 .debug_macro   0x0000000000017928      0x1b2 ./Drivers/STM32F1xx_HAL_Driver/Src/stm32f1xx_ll_usb.o
 .debug_macro   0x0000000000017ada      0x350 ./Middlewares/ST/STM32_USB_Device_Library/Class/HID/Src/usbd_hid.o
 .debug_macro   0x0000000000017e2a       0x97 ./Middlewares/ST/STM32_USB_Device_Library/Class/HID/Src/usbd_hid.o
 .debug_macro   0x0000000000017ec1       0xfd ./Middlewares/ST/STM32_USB_Device_Library/Class/HID/Src/usbd_hid.o
 .debug_macro   0x0000000000017fbe       0x56 ./Middlewares/ST/STM32_USB_Device_Library/Class/HID/Src/usbd_hid.o
 .debug_macro   0x0000000000018014      0x337 ./Middlewares/ST/STM32_USB_Device_Library/Core/Src/usbd_core.o
 .debug_macro   0x000000000001834b      0x1ce ./Middlewares/ST/STM32_USB_Device_Library/Core/Src/usbd_core.o
 .debug_macro   0x0000000000018519      0x341 ./Middlewares/ST/STM32_USB_Device_Library/Core/Src/usbd_ctlreq.o
 .debug_macro   0x000000000001885a      0x33d ./Middlewares/ST/STM32_USB_Device_Library/Core/Src/usbd_ioreq.o
 .debug_macro   0x0000000000018b97      0x367 ./USB_DEVICE/App/usb_device.o
 .debug_macro   0x0000000000018efe       0xfa ./USB_DEVICE/App/usb_device.o
 .debug_macro   0x0000000000018ff8       0x22 ./USB_DEVICE/App/usb_device.o
 .debug_macro   0x000000000001901a      0x374 ./USB_DEVICE/App/usbd_desc.o
 .debug_macro   0x000000000001938e       0x1c ./USB_DEVICE/App/usbd_desc.o
 .debug_macro   0x00000000000193aa      0x354 ./USB_DEVICE/Target/usbd_conf.o

.debug_line     0x0000000000000000    0x10ee6
 .debug_line    0x0000000000000000      0xbbf ./Core/Src/HIDKeyFunctions.o
 .debug_line    0x0000000000000bbf      0xae6 ./Core/Src/main.o
 .debug_line    0x00000000000016a5      0x767 ./Core/Src/stm32f1xx_hal_msp.o
 .debug_line    0x0000000000001e0c      0x7ed ./Core/Src/stm32f1xx_it.o
 .debug_line    0x00000000000025f9      0x791 ./Core/Src/system_stm32f1xx.o
 .debug_line    0x0000000000002d8a       0x78 ./Core/Startup/startup_stm32f103c8tx.o
 .debug_line    0x0000000000002e02      0x9be ./Drivers/STM32F1xx_HAL_Driver/Src/stm32f1xx_hal.o
 .debug_line    0x00000000000037c0      0xba6 ./Drivers/STM32F1xx_HAL_Driver/Src/stm32f1xx_hal_cortex.o
 .debug_line    0x0000000000004366      0xa57 ./Drivers/STM32F1xx_HAL_Driver/Src/stm32f1xx_hal_gpio.o
 .debug_line    0x0000000000004dbd     0x13ec ./Drivers/STM32F1xx_HAL_Driver/Src/stm32f1xx_hal_pcd.o
 .debug_line    0x00000000000061a9      0x78c ./Drivers/STM32F1xx_HAL_Driver/Src/stm32f1xx_hal_pcd_ex.o
 .debug_line    0x0000000000006935      0xdc7 ./Drivers/STM32F1xx_HAL_Driver/Src/stm32f1xx_hal_rcc.o
 .debug_line    0x00000000000076fc      0x902 ./Drivers/STM32F1xx_HAL_Driver/Src/stm32f1xx_hal_rcc_ex.o
 .debug_line    0x0000000000007ffe     0x28ec ./Drivers/STM32F1xx_HAL_Driver/Src/stm32f1xx_hal_uart.o
 .debug_line    0x000000000000a8ea     0x1073 ./Drivers/STM32F1xx_HAL_Driver/Src/stm32f1xx_ll_usb.o
 .debug_line    0x000000000000b95d      0xbcd ./Middlewares/ST/STM32_USB_Device_Library/Class/HID/Src/usbd_hid.o
 .debug_line    0x000000000000c52a      0xd90 ./Middlewares/ST/STM32_USB_Device_Library/Core/Src/usbd_core.o
 .debug_line    0x000000000000d2ba      0xfcd ./Middlewares/ST/STM32_USB_Device_Library/Core/Src/usbd_ctlreq.o
 .debug_line    0x000000000000e287      0xa26 ./Middlewares/ST/STM32_USB_Device_Library/Core/Src/usbd_ioreq.o
 .debug_line    0x000000000000ecad      0x9cb ./USB_DEVICE/App/usb_device.o
 .debug_line    0x000000000000f678      0xaaf ./USB_DEVICE/App/usbd_desc.o
 .debug_line    0x0000000000010127      0xdbf ./USB_DEVICE/Target/usbd_conf.o

.debug_str      0x0000000000000000    0x86d2a
 .debug_str     0x0000000000000000    0x83a6f ./Core/Src/HIDKeyFunctions.o
                                      0x83e76 (size before relaxing)
 .debug_str     0x0000000000083a6f      0x6aa ./Core/Src/main.o
                                      0x8401b (size before relaxing)
 .debug_str     0x0000000000084119       0x94 ./Core/Src/stm32f1xx_hal_msp.o
                                      0x7f9dd (size before relaxing)
 .debug_str     0x00000000000841ad      0x3bd ./Core/Src/stm32f1xx_it.o
                                      0x7f92c (size before relaxing)
 .debug_str     0x000000000008456a       0x7e ./Core/Src/system_stm32f1xx.o
                                      0x7f245 (size before relaxing)
 .debug_str     0x00000000000845e8       0x34 ./Core/Startup/startup_stm32f103c8tx.o
                                         0x4b (size before relaxing)
 .debug_str     0x000000000008461c      0x607 ./Drivers/STM32F1xx_HAL_Driver/Src/stm32f1xx_hal.o
                                      0x7f978 (size before relaxing)
 .debug_str     0x0000000000084c23      0x293 ./Drivers/STM32F1xx_HAL_Driver/Src/stm32f1xx_hal_cortex.o
                                      0x7f8c4 (size before relaxing)
 .debug_str     0x0000000000084eb6      0x2d5 ./Drivers/STM32F1xx_HAL_Driver/Src/stm32f1xx_hal_gpio.o
                                      0x7f5cb (size before relaxing)
 .debug_str     0x000000000008518b      0x5bd ./Drivers/STM32F1xx_HAL_Driver/Src/stm32f1xx_hal_pcd.o
                                      0x7fb57 (size before relaxing)
 .debug_str     0x0000000000085748      0x170 ./Drivers/STM32F1xx_HAL_Driver/Src/stm32f1xx_hal_pcd_ex.o
                                      0x7f6b9 (size before relaxing)
 .debug_str     0x00000000000858b8      0x229 ./Drivers/STM32F1xx_HAL_Driver/Src/stm32f1xx_hal_rcc.o
                                      0x7f674 (size before relaxing)
 .debug_str     0x0000000000085ae1       0x9f ./Drivers/STM32F1xx_HAL_Driver/Src/stm32f1xx_hal_rcc_ex.o
                                      0x7f3c4 (size before relaxing)
 .debug_str     0x0000000000085b80      0x65e ./Drivers/STM32F1xx_HAL_Driver/Src/stm32f1xx_hal_uart.o
                                      0x7fce5 (size before relaxing)
 .debug_str     0x00000000000861de      0x129 ./Drivers/STM32F1xx_HAL_Driver/Src/stm32f1xx_ll_usb.o
                                      0x7f70b (size before relaxing)
 .debug_str     0x0000000000086307      0x291 ./Middlewares/ST/STM32_USB_Device_Library/Class/HID/Src/usbd_hid.o
                                      0x83f12 (size before relaxing)
 .debug_str     0x0000000000086598      0x298 ./Middlewares/ST/STM32_USB_Device_Library/Core/Src/usbd_core.o
                                      0x83dad (size before relaxing)
 .debug_str     0x0000000000086830      0x11b ./Middlewares/ST/STM32_USB_Device_Library/Core/Src/usbd_ctlreq.o
                                      0x83cc7 (size before relaxing)
 .debug_str     0x000000000008694b       0x79 ./Middlewares/ST/STM32_USB_Device_Library/Core/Src/usbd_ioreq.o
                                      0x83bf4 (size before relaxing)
 .debug_str     0x00000000000869c4       0xa2 ./USB_DEVICE/App/usb_device.o
                                      0x83d69 (size before relaxing)
 .debug_str     0x0000000000086a66      0x24c ./USB_DEVICE/App/usbd_desc.o
                                      0x83b24 (size before relaxing)
 .debug_str     0x0000000000086cb2       0x78 ./USB_DEVICE/Target/usbd_conf.o
                                      0x8489c (size before relaxing)

.debug_frame    0x0000000000000000     0x3148
 .debug_frame   0x0000000000000000      0x130 ./Core/Src/HIDKeyFunctions.o
 .debug_frame   0x0000000000000130       0xa8 ./Core/Src/main.o
 .debug_frame   0x00000000000001d8       0x80 ./Core/Src/stm32f1xx_hal_msp.o
 .debug_frame   0x0000000000000258      0x120 ./Core/Src/stm32f1xx_it.o
 .debug_frame   0x0000000000000378       0x58 ./Core/Src/system_stm32f1xx.o
 .debug_frame   0x00000000000003d0      0x334 ./Drivers/STM32F1xx_HAL_Driver/Src/stm32f1xx_hal.o
 .debug_frame   0x0000000000000704      0x428 ./Drivers/STM32F1xx_HAL_Driver/Src/stm32f1xx_hal_cortex.o
 .debug_frame   0x0000000000000b2c      0x14c ./Drivers/STM32F1xx_HAL_Driver/Src/stm32f1xx_hal_gpio.o
 .debug_frame   0x0000000000000c78      0x59c ./Drivers/STM32F1xx_HAL_Driver/Src/stm32f1xx_hal_pcd.o
 .debug_frame   0x0000000000001214       0xb0 ./Drivers/STM32F1xx_HAL_Driver/Src/stm32f1xx_hal_pcd_ex.o
 .debug_frame   0x00000000000012c4      0x218 ./Drivers/STM32F1xx_HAL_Driver/Src/stm32f1xx_hal_rcc.o
 .debug_frame   0x00000000000014dc       0x80 ./Drivers/STM32F1xx_HAL_Driver/Src/stm32f1xx_hal_rcc_ex.o
 .debug_frame   0x000000000000155c      0x944 ./Drivers/STM32F1xx_HAL_Driver/Src/stm32f1xx_hal_uart.o
 .debug_frame   0x0000000000001ea0      0x478 ./Drivers/STM32F1xx_HAL_Driver/Src/stm32f1xx_ll_usb.o
 .debug_frame   0x0000000000002318      0x190 ./Middlewares/ST/STM32_USB_Device_Library/Class/HID/Src/usbd_hid.o
 .debug_frame   0x00000000000024a8      0x300 ./Middlewares/ST/STM32_USB_Device_Library/Core/Src/usbd_core.o
 .debug_frame   0x00000000000027a8      0x218 ./Middlewares/ST/STM32_USB_Device_Library/Core/Src/usbd_ctlreq.o
 .debug_frame   0x00000000000029c0      0x10c ./Middlewares/ST/STM32_USB_Device_Library/Core/Src/usbd_ioreq.o
 .debug_frame   0x0000000000002acc       0x2c ./USB_DEVICE/App/usb_device.o
 .debug_frame   0x0000000000002af8      0x160 ./USB_DEVICE/App/usbd_desc.o
 .debug_frame   0x0000000000002c58      0x4a4 ./USB_DEVICE/Target/usbd_conf.o
 .debug_frame   0x00000000000030fc       0x20 C:/ST/STM32CubeIDE_1.13.1/STM32CubeIDE/plugins/com.st.stm32cube.ide.mcu.externaltools.gnu-tools-for-stm32.11.3.rel1.win32_1.1.0.202305231506/tools/bin/../lib/gcc/arm-none-eabi/11.3.1/../../../../arm-none-eabi/lib/thumb/v7-m/nofp\libc_nano.a(libc_a-memset.o)
 .debug_frame   0x000000000000311c       0x2c C:/ST/STM32CubeIDE_1.13.1/STM32CubeIDE/plugins/com.st.stm32cube.ide.mcu.externaltools.gnu-tools-for-stm32.11.3.rel1.win32_1.1.0.202305231506/tools/bin/../lib/gcc/arm-none-eabi/11.3.1/../../../../arm-none-eabi/lib/thumb/v7-m/nofp\libc_nano.a(libc_a-init.o)

.debug_line_str
                0x0000000000000000       0x3f
 .debug_line_str
                0x0000000000000000       0x3f ./Core/Startup/startup_stm32f103c8tx.o
                                         0x57 (size before relaxing)
